Component: ARM Compiler 5.06 update 5 (build 528) Tool: armlink [4d35e2]

==============================================================================

Section Cross References

    startup_stm32f10x_md.o(STACK) refers (Special) to heapauxi.o(.text) for __use_two_region_memory
    startup_stm32f10x_md.o(HEAP) refers (Special) to heapauxi.o(.text) for __use_two_region_memory
    startup_stm32f10x_md.o(RESET) refers (Special) to heapauxi.o(.text) for __use_two_region_memory
    startup_stm32f10x_md.o(RESET) refers to startup_stm32f10x_md.o(STACK) for __initial_sp
    startup_stm32f10x_md.o(RESET) refers to startup_stm32f10x_md.o(.text) for Reset_Handler
    startup_stm32f10x_md.o(RESET) refers to stm32f10x_it.o(i.NMI_Handler) for NMI_Handler
    startup_stm32f10x_md.o(RESET) refers to stm32f10x_it.o(i.HardFault_Handler) for HardFault_Handler
    startup_stm32f10x_md.o(RESET) refers to stm32f10x_it.o(i.MemManage_Handler) for MemManage_Handler
    startup_stm32f10x_md.o(RESET) refers to stm32f10x_it.o(i.BusFault_Handler) for BusFault_Handler
    startup_stm32f10x_md.o(RESET) refers to stm32f10x_it.o(i.UsageFault_Handler) for UsageFault_Handler
    startup_stm32f10x_md.o(RESET) refers to stm32f10x_it.o(i.SVC_Handler) for SVC_Handler
    startup_stm32f10x_md.o(RESET) refers to stm32f10x_it.o(i.DebugMon_Handler) for DebugMon_Handler
    startup_stm32f10x_md.o(RESET) refers to stm32f10x_it.o(i.PendSV_Handler) for PendSV_Handler
    startup_stm32f10x_md.o(RESET) refers to stm32f10x_it.o(i.SysTick_Handler) for SysTick_Handler
    startup_stm32f10x_md.o(RESET) refers to clockmenu_alarm.o(i.RTC_IRQHandler) for RTC_IRQHandler
    startup_stm32f10x_md.o(RESET) refers to timer.o(i.TIM2_IRQHandler) for TIM2_IRQHandler
    startup_stm32f10x_md.o(.text) refers (Special) to heapauxi.o(.text) for __use_two_region_memory
    startup_stm32f10x_md.o(.text) refers to system_stm32f10x.o(i.SystemInit) for SystemInit
    startup_stm32f10x_md.o(.text) refers to __main.o(!!!main) for __main
    startup_stm32f10x_md.o(.text) refers to startup_stm32f10x_md.o(HEAP) for Heap_Mem
    startup_stm32f10x_md.o(.text) refers to startup_stm32f10x_md.o(STACK) for Stack_Mem
    system_stm32f10x.o(i.SetSysClock) refers to system_stm32f10x.o(i.SetSysClockTo72) for SetSysClockTo72
    system_stm32f10x.o(i.SystemCoreClockUpdate) refers to system_stm32f10x.o(.data) for SystemCoreClock
    system_stm32f10x.o(i.SystemInit) refers to system_stm32f10x.o(i.SetSysClock) for SetSysClock
    stm32f10x_adc.o(i.ADC_DeInit) refers to stm32f10x_rcc.o(i.RCC_APB2PeriphResetCmd) for RCC_APB2PeriphResetCmd
    stm32f10x_bkp.o(i.BKP_DeInit) refers to stm32f10x_rcc.o(i.RCC_BackupResetCmd) for RCC_BackupResetCmd
    stm32f10x_can.o(i.CAN_DeInit) refers to stm32f10x_rcc.o(i.RCC_APB1PeriphResetCmd) for RCC_APB1PeriphResetCmd
    stm32f10x_can.o(i.CAN_GetITStatus) refers to stm32f10x_can.o(i.CheckITStatus) for CheckITStatus
    stm32f10x_cec.o(i.CEC_DeInit) refers to stm32f10x_rcc.o(i.RCC_APB1PeriphResetCmd) for RCC_APB1PeriphResetCmd
    stm32f10x_dac.o(i.DAC_DeInit) refers to stm32f10x_rcc.o(i.RCC_APB1PeriphResetCmd) for RCC_APB1PeriphResetCmd
    stm32f10x_flash.o(i.FLASH_EnableWriteProtection) refers to stm32f10x_flash.o(i.FLASH_WaitForLastOperation) for FLASH_WaitForLastOperation
    stm32f10x_flash.o(i.FLASH_EraseAllBank1Pages) refers to stm32f10x_flash.o(i.FLASH_WaitForLastBank1Operation) for FLASH_WaitForLastBank1Operation
    stm32f10x_flash.o(i.FLASH_EraseAllPages) refers to stm32f10x_flash.o(i.FLASH_WaitForLastOperation) for FLASH_WaitForLastOperation
    stm32f10x_flash.o(i.FLASH_EraseOptionBytes) refers to stm32f10x_flash.o(i.FLASH_GetReadOutProtectionStatus) for FLASH_GetReadOutProtectionStatus
    stm32f10x_flash.o(i.FLASH_EraseOptionBytes) refers to stm32f10x_flash.o(i.FLASH_WaitForLastOperation) for FLASH_WaitForLastOperation
    stm32f10x_flash.o(i.FLASH_ErasePage) refers to stm32f10x_flash.o(i.FLASH_WaitForLastOperation) for FLASH_WaitForLastOperation
    stm32f10x_flash.o(i.FLASH_ProgramHalfWord) refers to stm32f10x_flash.o(i.FLASH_WaitForLastOperation) for FLASH_WaitForLastOperation
    stm32f10x_flash.o(i.FLASH_ProgramOptionByteData) refers to stm32f10x_flash.o(i.FLASH_WaitForLastOperation) for FLASH_WaitForLastOperation
    stm32f10x_flash.o(i.FLASH_ProgramWord) refers to stm32f10x_flash.o(i.FLASH_WaitForLastOperation) for FLASH_WaitForLastOperation
    stm32f10x_flash.o(i.FLASH_ReadOutProtection) refers to stm32f10x_flash.o(i.FLASH_WaitForLastOperation) for FLASH_WaitForLastOperation
    stm32f10x_flash.o(i.FLASH_UserOptionByteConfig) refers to stm32f10x_flash.o(i.FLASH_WaitForLastOperation) for FLASH_WaitForLastOperation
    stm32f10x_flash.o(i.FLASH_WaitForLastBank1Operation) refers to stm32f10x_flash.o(i.FLASH_GetBank1Status) for FLASH_GetBank1Status
    stm32f10x_flash.o(i.FLASH_WaitForLastOperation) refers to stm32f10x_flash.o(i.FLASH_GetBank1Status) for FLASH_GetBank1Status
[...]
    Delay_ms                                 0x08002fe7   Thumb Code    24  delay.o(i.Delay_ms)
    Delay_us                                 0x08002fff   Thumb Code    46  delay.o(i.Delay_us)
    Encoder_Init                             0x08003049   Thumb Code   172  encoder.o(i.Encoder_Init)
    Encoder_Loop                             0x08003101   Thumb Code   196  encoder.o(i.Encoder_Loop)
    FLASH_ErasePage                          0x080031d5   Thumb Code    72  stm32f10x_flash.o(i.FLASH_ErasePage)
    FLASH_GetBank1Status                     0x08003221   Thumb Code    48  stm32f10x_flash.o(i.FLASH_GetBank1Status)
    FLASH_Lock                               0x08003255   Thumb Code    14  stm32f10x_flash.o(i.FLASH_Lock)
    FLASH_ProgramHalfWord                    0x08003269   Thumb Code    60  stm32f10x_flash.o(i.FLASH_ProgramHalfWord)
    FLASH_Unlock                             0x080032a9   Thumb Code    12  stm32f10x_flash.o(i.FLASH_Unlock)
    FLASH_WaitForLastOperation               0x080032c1   Thumb Code    38  stm32f10x_flash.o(i.FLASH_WaitForLastOperation)
    GPIO_Init                                0x080032e7   Thumb Code   278  stm32f10x_gpio.o(i.GPIO_Init)
    GPIO_ReadInputDataBit                    0x080033fd   Thumb Code    18  stm32f10x_gpio.o(i.GPIO_ReadInputDataBit)
    GPIO_WriteBit                            0x0800340f   Thumb Code    10  stm32f10x_gpio.o(i.GPIO_WriteBit)
    GUI_Display                              0x08003419   Thumb Code   224  gui.o(i.GUI_Display)
    GUI_Init                                 0x08003509   Thumb Code    34  gui.o(i.GUI_Init)
    GUI_ReceiveCommand                       0x08003531   Thumb Code    56  gui.o(i.GUI_ReceiveCommand)
    GameMenu_Funsion                         0x0800373b   Thumb Code     2  gamemenu.o(i.GameMenu_Funsion)
    GameMenu_Init                            0x0800373d   Thumb Code    62  gamemenu.o(i.GameMenu_Init)
    GameMenu_Minesweeper_Funsion             0x08003799   Thumb Code   584  gamemenu_minesweeper.o(i.GameMenu_Minesweeper_Funsion)
    GameMenu_Minesweeper_Init                0x080039e9   Thumb Code    52  gamemenu_minesweeper.o(i.GameMenu_Minesweeper_Init)
    GameMenu_Snake_Init                      0x08003ee5   Thumb Code    52  gamemenu_snake.o(i.GameMenu_Snake_Init)
    GameMenu_Tetris_Init                     0x080042e5   Thumb Code    38  gamemenu_tetris.o(i.GameMenu_Tetris_Init)
    HardFault_Handler                        0x080044f9   Thumb Code     4  stm32f10x_it.o(i.HardFault_Handler)
    IWDG_Enable                              0x080044fd   Thumb Code    10  stm32f10x_iwdg.o(i.IWDG_Enable)
    IWDG_Init                                0x0800450d   Thumb Code    50  main.o(i.IWDG_Init)
    IWDG_ReloadCounter                       0x08004545   Thumb Code    10  stm32f10x_iwdg.o(i.IWDG_ReloadCounter)
    IWDG_SetPrescaler                        0x08004555   Thumb Code     6  stm32f10x_iwdg.o(i.IWDG_SetPrescaler)
    IWDG_SetReload                           0x08004561   Thumb Code     6  stm32f10x_iwdg.o(i.IWDG_SetReload)
    IWDG_WriteAccessCmd                      0x0800456d   Thumb Code     6  stm32f10x_iwdg.o(i.IWDG_WriteAccessCmd)
    Key_Init                                 0x080045b9   Thumb Code    80  key.o(i.Key_Init)
    Key_Loop                                 0x08004615   Thumb Code   314  key.o(i.Key_Loop)
    MSG_DefaultProc                          0x08004759   Thumb Code    24  msg.o(i.MSG_DefaultProc)
    MSG_GetMessage                           0x08004771   Thumb Code    62  message.o(i.MSG_GetMessage)
    MSG_Init                                 0x080047b5   Thumb Code    20  message.o(i.MSG_Init)
    MSG_SendMessage                          0x08004819   Thumb Code   270  message.o(i.MSG_SendMessage)
    MemManage_Handler                        0x08004945   Thumb Code     4  stm32f10x_it.o(i.MemManage_Handler)
    Menu_GetFather                           0x08004949   Thumb Code     8  menu.o(i.Menu_GetFather)
    Menu_GetIcon                             0x08004955   Thumb Code     8  menu.o(i.Menu_GetIcon)
    Menu_GetLast                             0x08004961   Thumb Code     8  menu.o(i.Menu_GetLast)
    Menu_GetName                             0x0800496d   Thumb Code     8  menu.o(i.Menu_GetName)
    Menu_GetNext                             0x08004979   Thumb Code     8  menu.o(i.Menu_GetNext)
    Menu_Init                                0x08004985   Thumb Code    18  menu.o(i.Menu_Init)
    Menu_SetChild                            0x08004997   Thumb Code    58  menu.o(i.Menu_SetChild)
    Menu_SetCurrent                          0x080049d1   Thumb Code     6  menu.o(i.Menu_SetCurrent)
    Menu_SetFather                           0x080049dd   Thumb Code    40  menu.o(i.Menu_SetFather)
    Menu_SetNext                             0x08004a05   Thumb Code     6  menu.o(i.Menu_SetNext)
    Menu_ToChild                             0x08004a0d   Thumb Code    26  menu.o(i.Menu_ToChild)
    Menu_ToFather                            0x08004a2d   Thumb Code    42  menu.o(i.Menu_ToFather)
    Menu_ToFunsion                           0x08004a5d   Thumb Code    26  menu.o(i.Menu_ToFunsion)
    Menu_ToLast                              0x08004a7d   Thumb Code    26  menu.o(i.Menu_ToLast)
    Menu_ToNext                              0x08004a9d   Thumb Code    26  menu.o(i.Menu_ToNext)
    Minesweeper_Loop                         0x08004d65   Thumb Code    64  gamemenu_minesweeper.o(i.Minesweeper_Loop)
    MyFLASH_ErasePage                        0x08004fd9   Thumb Code    20  myflash.o(i.MyFLASH_ErasePage)
    MyFLASH_ProgramHalfWord                  0x08004fed   Thumb Code    24  myflash.o(i.MyFLASH_ProgramHalfWord)
    MyFLASH_ReadHalfWord                     0x08005005   Thumb Code     6  myflash.o(i.MyFLASH_ReadHalfWord)
    MyRTC_Init                               0x0800500b   Thumb Code   114  myrtc.o(i.MyRTC_Init)
    MyRTC_ReadTime                           0x0800507d   Thumb Code    64  myrtc.o(i.MyRTC_ReadTime)
    MyRTC_SetAlarm                           0x080050c1   Thumb Code    58  myrtc.o(i.MyRTC_SetAlarm)
    MyRTC_SetTime                            0x080050fd   Thumb Code    68  myrtc.o(i.MyRTC_SetTime)
    MyRTC_TurnOffAlarm                       0x08005145   Thumb Code    52  myrtc.o(i.MyRTC_TurnOffAlarm)
    MyRTC_TurnOnAlarm                        0x08005179   Thumb Code    52  myrtc.o(i.MyRTC_TurnOnAlarm)
    NMI_Handler                              0x080051ad   Thumb Code     2  stm32f10x_it.o(i.NMI_Handler)
    NVIC_Init                                0x080051b1   Thumb Code   100  misc.o(i.NVIC_Init)
    NVIC_PriorityGroupConfig                 0x08005221   Thumb Code    10  misc.o(i.NVIC_PriorityGroupConfig)
    OLED_Clear                               0x08005235   Thumb Code    36  oled.o(i.OLED_Clear)
    OLED_ClearArea                           0x0800525d   Thumb Code   186  oled.o(i.OLED_ClearArea)
    OLED_CopyDisplayBuf                      0x0800531d   Thumb Code    48  oled.o(i.OLED_CopyDisplayBuf)
    OLED_DrawLine                            0x08005351   Thumb Code   374  oled.o(i.OLED_DrawLine)
    OLED_DrawPoint                           0x080054c9   Thumb Code    74  oled.o(i.OLED_DrawPoint)
    OLED_DrawRectangle                       0x08005519   Thumb Code   142  oled.o(i.OLED_DrawRectangle)
    OLED_GPIO_Init                           0x080055a9   Thumb Code    92  oled.o(i.OLED_GPIO_Init)
    OLED_I2C_SendByte                        0x08005609   Thumb Code    62  oled.o(i.OLED_I2C_SendByte)
    OLED_I2C_Start                           0x08005647   Thumb Code    28  oled.o(i.OLED_I2C_Start)
    OLED_I2C_Stop                            0x08005663   Thumb Code    22  oled.o(i.OLED_I2C_Stop)
    OLED_Init                                0x08005679   Thumb Code   154  oled.o(i.OLED_Init)
    OLED_Printf                              0x08005713   Thumb Code    50  oled.o(i.OLED_Printf)
    OLED_ReverseArea                         0x08005745   Thumb Code   186  oled.o(i.OLED_ReverseArea)
    OLED_SetCursor                           0x08005805   Thumb Code    34  oled.o(i.OLED_SetCursor)
    OLED_ShowChar                            0x08005829   Thumb Code    74  oled.o(i.OLED_ShowChar)
    OLED_ShowChinese                         0x0800587d   Thumb Code   144  oled.o(i.OLED_ShowChinese)
    OLED_ShowImage                           0x08005915   Thumb Code   322  oled.o(i.OLED_ShowImage)
    OLED_ShowString                          0x08005a5d   Thumb Code    46  oled.o(i.OLED_ShowString)
    OLED_Update                              0x08005a8d   Thumb Code    36  oled.o(i.OLED_Update)
    OLED_UpdateArea                          0x08005ab5   Thumb Code   120  oled.o(i.OLED_UpdateArea)
    OLED_W_SCL                               0x08005b31   Thumb Code    18  oled.o(i.OLED_W_SCL)
    OLED_W_SDA                               0x08005b49   Thumb Code    18  oled.o(i.OLED_W_SDA)
    OLED_WriteCommand                        0x08005b61   Thumb Code    32  oled.o(i.OLED_WriteCommand)
    OLED_WriteData                           0x08005b81   Thumb Code    46  oled.o(i.OLED_WriteData)
    PWR_BackupAccessCmd                      0x08005bb1   Thumb Code     6  stm32f10x_pwr.o(i.PWR_BackupAccessCmd)
    PendSV_Handler                           0x08005bbd   Thumb Code     2  stm32f10x_it.o(i.PendSV_Handler)
    RCC_APB1PeriphClockCmd                   0x08005bc1   Thumb Code    26  stm32f10x_rcc.o(i.RCC_APB1PeriphClockCmd)
    RCC_APB2PeriphClockCmd                   0x08005be1   Thumb Code    26  stm32f10x_rcc.o(i.RCC_APB2PeriphClockCmd)
    RCC_ClearFlag                            0x08005c01   Thumb Code    14  stm32f10x_rcc.o(i.RCC_ClearFlag)
    RCC_GetFlagStatus                        0x08005c15   Thumb Code    56  stm32f10x_rcc.o(i.RCC_GetFlagStatus)
    RCC_LSEConfig                            0x08005c51   Thumb Code    46  stm32f10x_rcc.o(i.RCC_LSEConfig)
    RCC_RTCCLKCmd                            0x08005c85   Thumb Code     6  stm32f10x_rcc.o(i.RCC_RTCCLKCmd)
    RCC_RTCCLKConfig                         0x08005c91   Thumb Code    12  stm32f10x_rcc.o(i.RCC_RTCCLKConfig)
    RTC_ClearITPendingBit                    0x08005ca1   Thumb Code    12  stm32f10x_rtc.o(i.RTC_ClearITPendingBit)
    RTC_EnterConfigMode                      0x08005cb1   Thumb Code    14  stm32f10x_rtc.o(i.RTC_EnterConfigMode)
    RTC_ExitConfigMode                       0x08005cc5   Thumb Code    16  stm32f10x_rtc.o(i.RTC_ExitConfigMode)
    RTC_GetCounter                           0x08005cd9   Thumb Code    16  stm32f10x_rtc.o(i.RTC_GetCounter)
    RTC_GetITStatus                          0x08005ced   Thumb Code    32  stm32f10x_rtc.o(i.RTC_GetITStatus)
    RTC_IRQHandler                           0x08005d11   Thumb Code   270  clockmenu_alarm.o(i.RTC_IRQHandler)
    RTC_ITConfig                             0x08005e41   Thumb Code    26  stm32f10x_rtc.o(i.RTC_ITConfig)
    RTC_SetAlarm                             0x08005e61   Thumb Code    24  stm32f10x_rtc.o(i.RTC_SetAlarm)
    RTC_SetCounter                           0x08005e7d   Thumb Code    24  stm32f10x_rtc.o(i.RTC_SetCounter)
    RTC_SetPrescaler                         0x08005e99   Thumb Code    26  stm32f10x_rtc.o(i.RTC_SetPrescaler)
    RTC_WaitForLastTask                      0x08005eb9   Thumb Code    16  stm32f10x_rtc.o(i.RTC_WaitForLastTask)
    RTC_WaitForSynchro                       0x08005ecd   Thumb Code    30  stm32f10x_rtc.o(i.RTC_WaitForSynchro)
    SVC_Handler                              0x08005ef1   Thumb Code     2  stm32f10x_it.o(i.SVC_Handler)
    SettingMenu_Funsion                      0x08005fdd   Thumb Code     2  settingmenu.o(i.SettingMenu_Funsion)
    SettingMenu_Init                         0x08005fe1   Thumb Code    26  settingmenu.o(i.SettingMenu_Init)
    Snake_Loop                               0x08006339   Thumb Code   758  gamemenu_snake.o(i.Snake_Loop)
    Store_Init                               0x08006745   Thumb Code    92  store.o(i.Store_Init)
    Store_Save                               0x080067a9   Thumb Code    42  store.o(i.Store_Save)
    SysTick_Handler                          0x080067dd   Thumb Code     2  stm32f10x_it.o(i.SysTick_Handler)
    SystemInit                               0x080067e1   Thumb Code    78  system_stm32f10x.o(i.SystemInit)
    TIM2_IRQHandler                          0x08006a81   Thumb Code   162  timer.o(i.TIM2_IRQHandler)
    TIM_ClearFlag                            0x08006b29   Thumb Code     6  stm32f10x_tim.o(i.TIM_ClearFlag)
    TIM_ClearITPendingBit                    0x08006b2f   Thumb Code     6  stm32f10x_tim.o(i.TIM_ClearITPendingBit)
    TIM_Cmd                                  0x08006b35   Thumb Code    24  stm32f10x_tim.o(i.TIM_Cmd)
    TIM_EncoderInterfaceConfig               0x08006b4d   Thumb Code    66  stm32f10x_tim.o(i.TIM_EncoderInterfaceConfig)
    TIM_GetCounter                           0x08006b8f   Thumb Code     6  stm32f10x_tim.o(i.TIM_GetCounter)
    TIM_GetITStatus                          0x08006b95   Thumb Code    34  stm32f10x_tim.o(i.TIM_GetITStatus)
    TIM_ICInit                               0x08006bb9   Thumb Code   150  stm32f10x_tim.o(i.TIM_ICInit)
    TIM_ICStructInit                         0x08006c65   Thumb Code    18  stm32f10x_tim.o(i.TIM_ICStructInit)
    TIM_ITConfig                             0x08006c77   Thumb Code    18  stm32f10x_tim.o(i.TIM_ITConfig)
    TIM_InternalClockConfig                  0x08006c89   Thumb Code    12  stm32f10x_tim.o(i.TIM_InternalClockConfig)
    TIM_SetCounter                           0x08006c95   Thumb Code     4  stm32f10x_tim.o(i.TIM_SetCounter)
    TIM_SetIC1Prescaler                      0x08006c99   Thumb Code    18  stm32f10x_tim.o(i.TIM_SetIC1Prescaler)
    TIM_SetIC2Prescaler                      0x08006cab   Thumb Code    26  stm32f10x_tim.o(i.TIM_SetIC2Prescaler)
    TIM_SetIC3Prescaler                      0x08006cc5   Thumb Code    18  stm32f10x_tim.o(i.TIM_SetIC3Prescaler)
    TIM_SetIC4Prescaler                      0x08006cd7   Thumb Code    26  stm32f10x_tim.o(i.TIM_SetIC4Prescaler)
    TIM_TimeBaseInit                         0x08006cf1   Thumb Code   122  stm32f10x_tim.o(i.TIM_TimeBaseInit)
    TextMenu_Create_Init                     0x080078a1   Thumb Code    38  textmenu_create.o(i.TextMenu_Create_Init)
    TextMenu_Delete_Init                     0x08007d39   Thumb Code    38  textmenu_delete.o(i.TextMenu_Delete_Init)
    TextMenu_Init                            0x08007e69   Thumb Code    62  textmenu.o(i.TextMenu_Init)
    TextMenu_Read_Init                       0x08008085   Thumb Code    38  textmenu_read.o(i.TextMenu_Read_Init)
    Timer_AddFunction                        0x08008219   Thumb Code   156  timer.o(i.Timer_AddFunction)
    Timer_DeleteFunction                     0x080082b9   Thumb Code   126  timer.o(i.Timer_DeleteFunction)
    Timer_Init                               0x0800833d   Thumb Code   212  timer.o(i.Timer_Init)
    Timer_SetCount                           0x08008415   Thumb Code    58  timer.o(i.Timer_SetCount)
    Timer_SetTarget                          0x08008455   Thumb Code    58  timer.o(i.Timer_SetTarget)
    Timer_Start                              0x08008495   Thumb Code    60  timer.o(i.Timer_Start)
    Timer_StartAll                           0x080084d5   Thumb Code    36  timer.o(i.Timer_StartAll)
    Timer_Stop                               0x080084fd   Thumb Code    60  timer.o(i.Timer_Stop)
    Timer_StopAll                            0x0800853d   Thumb Code    36  timer.o(i.Timer_StopAll)
    Timer_ToFunction_ByID                    0x08008565   Thumb Code    40  timer.o(i.Timer_ToFunction_ByID)
    UsageFault_Handler                       0x08008591   Thumb Code     4  stm32f10x_it.o(i.UsageFault_Handler)
    __ARM_fpclassify                         0x08008595   Thumb Code    40  fpclassify.o(i.__ARM_fpclassify)
    _is_digit                                0x080085bd   Thumb Code    14  __printf_wp.o(i._is_digit)
    main                                     0x080085cd   Thumb Code   206  main.o(i.main)
    _get_lc_numeric                          0x080086a5   Thumb Code    44  lc_numeric_c.o(locale$$code)
    _get_lc_ctype                            0x080086d1   Thumb Code    44  lc_ctype_c.o(locale$$code)
    __aeabi_dadd                             0x080086fd   Thumb Code     0  daddsub_clz.o(x$fpl$dadd)
    _dadd                                    0x080086fd   Thumb Code   332  daddsub_clz.o(x$fpl$dadd)
    __aeabi_ddiv                             0x0800884d   Thumb Code     0  ddiv.o(x$fpl$ddiv)
    _ddiv                                    0x0800884d   Thumb Code   552  ddiv.o(x$fpl$ddiv)
    __aeabi_d2uiz                            0x08008afd   Thumb Code     0  dfixu.o(x$fpl$dfixu)
    _dfixu                                   0x08008afd   Thumb Code    90  dfixu.o(x$fpl$dfixu)
    __aeabi_ui2d                             0x08008b57   Thumb Code     0  dflt_clz.o(x$fpl$dfltu)
    _dfltu                                   0x08008b57   Thumb Code    38  dflt_clz.o(x$fpl$dfltu)
    __aeabi_dmul                             0x08008b7d   Thumb Code     0  dmul.o(x$fpl$dmul)
    _dmul                                    0x08008b7d   Thumb Code   332  dmul.o(x$fpl$dmul)
    __fpl_dnaninf                            0x08008cd1   Thumb Code   156  dnaninf.o(x$fpl$dnaninf)
    __fpl_dretinf                            0x08008d6d   Thumb Code    12  dretinf.o(x$fpl$dretinf)
    __aeabi_drsub                            0x08008d79   Thumb Code     0  daddsub_clz.o(x$fpl$drsb)
    _drsb                                    0x08008d79   Thumb Code    22  daddsub_clz.o(x$fpl$drsb)
    __aeabi_dsub                             0x08008d91   Thumb Code     0  daddsub_clz.o(x$fpl$dsub)
    _dsub                                    0x08008d91   Thumb Code   464  daddsub_clz.o(x$fpl$dsub)
    __aeabi_fadd                             0x08008f65   Thumb Code     0  faddsub_clz.o(x$fpl$fadd)
    _fadd                                    0x08008f65   Thumb Code   196  faddsub_clz.o(x$fpl$fadd)
    __fpl_fcmp_Inf                           0x08009029   Thumb Code    24  fcmpi.o(x$fpl$fcmpinf)
    __aeabi_cfcmpeq                          0x08009041   Thumb Code     0  feqf.o(x$fpl$feqf)
    _fcmpeq                                  0x08009041   Thumb Code   104  feqf.o(x$fpl$feqf)
    __aeabi_f2uiz                            0x080090a9   Thumb Code     0  ffixu.o(x$fpl$ffixu)
    _ffixu                                   0x080090a9   Thumb Code    62  ffixu.o(x$fpl$ffixu)
    __aeabi_i2f                              0x080090e9   Thumb Code     0  fflt_clz.o(x$fpl$fflt)
    _fflt                                    0x080090e9   Thumb Code    48  fflt_clz.o(x$fpl$fflt)
    __aeabi_ui2f                             0x08009119   Thumb Code     0  fflt_clz.o(x$fpl$ffltu)
    _ffltu                                   0x08009119   Thumb Code    38  fflt_clz.o(x$fpl$ffltu)
    __aeabi_fmul                             0x08009141   Thumb Code     0  fmul.o(x$fpl$fmul)
    _fmul                                    0x08009141   Thumb Code   258  fmul.o(x$fpl$fmul)
    __fpl_fnaninf                            0x08009243   Thumb Code   140  fnaninf.o(x$fpl$fnaninf)
    __fpl_fretinf                            0x080092cf   Thumb Code    10  fretinf.o(x$fpl$fretinf)
    __aeabi_fsub                             0x080092d9   Thumb Code     0  faddsub_clz.o(x$fpl$fsub)
    _fsub                                    0x080092d9   Thumb Code   234  faddsub_clz.o(x$fpl$fsub)
    _printf_fp_dec                           0x080093c3   Thumb Code     4  printf1.o(x$fpl$printf1)
    _printf_fp_hex                           0x080093c7   Thumb Code     4  printf2.o(x$fpl$printf2)
    OLED_F8x16                               0x080093ca   Data        1520  oled_data.o(.constdata)
    __I$use$fp                               0x080093ca   Number         0  usenofp.o(x$fpl$usenofp)
    OLED_F6x8                                0x080099ba   Data         570  oled_data.o(.constdata)
    OLED_CF16x16                             0x08009bf4   Data        4248  oled_data.o(.constdata)
    Diode                                    0x0800ac8c   Data          32  oled_data.o(.constdata)
    Battery                                  0x0800acac   Data          30  oled_data.o(.constdata)
    UnknowCat                                0x0800acca   Data         480  oled_data.o(.constdata)
    Button                                   0x0800aeaa   Data         120  oled_data.o(.constdata)
    Warning                                  0x0800af22   Data         288  oled_data.o(.constdata)
    Pass                                     0x0800b042   Data         288  oled_data.o(.constdata)
    GameMenu_Icon                            0x0800b167   Data         288  gamemenu.o(.constdata)
    GameMenu_Minesweeper_Icon                0x0800b287   Data         288  gamemenu_minesweeper.o(.constdata)
    Minesweeper_NumImage                     0x0800b3a7   Data          27  gamemenu_minesweeper.o(.constdata)
    Minesweeper_MineImage                    0x0800b3c2   Data           5  gamemenu_minesweeper.o(.constdata)
    GameMenu_Snake_Icon                      0x0800b3c7   Data         288  gamemenu_snake.o(.constdata)
    BodyImage                                0x0800b4e7   Data           5  gamemenu_snake.o(.constdata)
    HeadImage                                0x0800b4ec   Data          20  gamemenu_snake.o(.constdata)
    GameMenu_Tetris_Icon                     0x0800b500   Data         288  gamemenu_tetris.o(.constdata)
    Cube                                     0x0800b620   Data           5  gamemenu_tetris.o(.constdata)
    Data                                     0x0800b625   Data         112  gamemenu_tetris.o(.constdata)
    Tetris_ScoreImage                        0x0800b695   Data          96  gamemenu_tetris.o(.constdata)
    Tetris_NumImage                          0x0800b6f5   Data          50  gamemenu_tetris.o(.constdata)
    SettingMenu_Icon                         0x0800b727   Data         288  settingmenu.o(.constdata)
    TextMenu_Icon                            0x0800b847   Data         288  textmenu.o(.constdata)
    TextMenu_Create_Icon                     0x0800b967   Data         288  textmenu_create.o(.constdata)
    TextMenu_Delete_Icon                     0x0800ba87   Data         288  textmenu_delete.o(.constdata)
    TextMenu_Read_Icon                       0x0800bba7   Data         288  textmenu_read.o(.constdata)
    ClockMenu_Icon                           0x0800bcc7   Data         288  clockmenu.o(.constdata)
    ClockMenu_Alarm_Icon                     0x0800bde7   Data         288  clockmenu_alarm.o(.constdata)
    ClockMenu_Setting_Icon                   0x0800bf07   Data         288  clockmenu_setting.o(.constdata)
    ClockMenu_Time_Icon                      0x0800c027   Data         288  clockmenu_time.o(.constdata)
    _monlen                                  0x0800c189   Data          12  _monlen.o(.constdata)
    Region$$Table$$Base                      0x0800c2c8   Number         0  anon$$obj.o(Region$$Table)
    Region$$Table$$Limit                     0x0800c2e8   Number         0  anon$$obj.o(Region$$Table)
    __ctype                                  0x0800c311   Data           0  lc_ctype_c.o(locale$$data)
    MyRTC_Time                               0x20000000   Data          12  myrtc.o(.data)
    GameMenu_Name                            0x20000018   Data           4  gamemenu.o(.data)
    GameMenu_Minesweeper_Name                0x2000001c   Data           4  gamemenu_minesweeper.o(.data)
    GameMenu_Snake_Name                      0x20000024   Data           4  gamemenu_snake.o(.data)
    GameMenu_Tetris_Name                     0x2000002c   Data           4  gamemenu_tetris.o(.data)
    SettingMenu_Name                         0x20000040   Data           4  settingmenu.o(.data)
    TextMenu_Name                            0x20000044   Data           4  textmenu.o(.data)
    TextMenu_Create_Name                     0x20000048   Data           4  textmenu_create.o(.data)
    TextMenu_Delete_Name                     0x2000004c   Data           4  textmenu_delete.o(.data)
    TextMenu_Read_Name                       0x20000050   Data           4  textmenu_read.o(.data)
    ClockMenu_Name                           0x20000054   Data           4  clockmenu.o(.data)
    ClockMenu_Alarm_Name                     0x20000058   Data           4  clockmenu_alarm.o(.data)
    ClockMenu_Setting_Name                   0x20000060   Data           4  clockmenu_setting.o(.data)
    ClockMenu_Time_Name                      0x20000068   Data           4  clockmenu_time.o(.data)
    Store_Data                               0x2000006c   Data        1024  store.o(.bss)
    OLED_DisplayBuf                          0x2000046c   Data        1024  oled.o(.bss)
    GameMenu                                 0x20000968   Data          28  gamemenu.o(.bss)
    GameMenu_Minesweeper                     0x20000984   Data          28  gamemenu_minesweeper.o(.bss)
    GameMenu_Snake                           0x20000aa8   Data          28  gamemenu_snake.o(.bss)
    GameMenu_Tetris                          0x200017b8   Data          28  gamemenu_tetris.o(.bss)
    SettingMenu                              0x20001808   Data          28  settingmenu.o(.bss)
    TextMenu                                 0x20001824   Data          28  textmenu.o(.bss)
    TextMenu_Create                          0x20001840   Data          28  textmenu_create.o(.bss)
    TextMenu_Delete                          0x2000185c   Data          28  textmenu_delete.o(.bss)
    TextMenu_Read                            0x20001878   Data          28  textmenu_read.o(.bss)
    ClockMenu                                0x20001894   Data          28  clockmenu.o(.bss)
    ClockMenu_Alarm                          0x200018b0   Data          28  clockmenu_alarm.o(.bss)
    ClockMenu_Setting                        0x200018dc   Data          28  clockmenu_setting.o(.bss)
    ClockMenu_Time                           0x20001908   Data          28  clockmenu_time.o(.bss)
    _random_number_data                      0x20001924   Data         228  rand.o(.bss)
    __libspace_start                         0x20001a34   Data          96  libspace.o(.bss)
    __temporary_stack_top$libspace           0x20001a94   Data           0  libspace.o(.bss)



==============================================================================

Memory Map of the image

  Image Entry point : 0x080000ed

  Load Region LR_IROM1 (Base: 0x08000000, Size: 0x0000c480, Max: 0x00010000, ABSOLUTE)

    Execution Region ER_IROM1 (Exec base: 0x08000000, Load base: 0x08000000, Size: 0x0000c414, Max: 0x00010000, ABSOLUTE)

    Exec Addr    Load Addr    Size         Type   Attr      Idx    E Section Name        Object

    0x08000000   0x08000000   0x000000ec   Data   RO            3    RESET               startup_stm32f10x_md.o
    0x080000ec   0x080000ec   0x00000008   Code   RO         4900  * !!!main             c_w.l(__main.o)
    0x080000f4   0x080000f4   0x00000034   Code   RO         5342    !!!scatter          c_w.l(__scatter.o)
    0x08000128   0x08000128   0x0000001a   Code   RO         5344    !!handler_copy      c_w.l(__scatter_copy.o)
    0x08000142   0x08000142   0x00000002   PAD
    0x08000144   0x08000144   0x0000001c   Code   RO         5346    !!handler_zi        c_w.l(__scatter_zi.o)
    0x08000160   0x08000160   0x00000000   Code   RO         5050    .ARM.Collect$$_printf_percent$$00000000  c_w.l(_printf_percent.o)
    0x08000160   0x08000160   0x00000006   Code   RO         5039    .ARM.Collect$$_printf_percent$$00000001  c_w.l(_printf_n.o)
    0x08000166   0x08000166   0x00000006   Code   RO         5041    .ARM.Collect$$_printf_percent$$00000002  c_w.l(_printf_p.o)
    0x0800016c   0x0800016c   0x00000006   Code   RO         5046    .ARM.Collect$$_printf_percent$$00000003  c_w.l(_printf_f.o)
    0x08000172   0x08000172   0x00000006   Code   RO         5047    .ARM.Collect$$_printf_percent$$00000004  c_w.l(_printf_e.o)
    0x08000178   0x08000178   0x00000006   Code   RO         5048    .ARM.Collect$$_printf_percent$$00000005  c_w.l(_printf_g.o)
    0x0800017e   0x0800017e   0x00000006   Code   RO         5049    .ARM.Collect$$_printf_percent$$00000006  c_w.l(_printf_a.o)
    0x08000184   0x08000184   0x0000000a   Code   RO         5054    .ARM.Collect$$_printf_percent$$00000007  c_w.l(_printf_ll.o)
    0x0800018e   0x0800018e   0x00000006   Code   RO         5043    .ARM.Collect$$_printf_percent$$00000008  c_w.l(_printf_i.o)
    0x08000194   0x08000194   0x00000006   Code   RO         5044    .ARM.Collect$$_printf_percent$$00000009  c_w.l(_printf_d.o)
    0x0800019a   0x0800019a   0x00000006   Code   RO         5045    .ARM.Collect$$_printf_percent$$0000000A  c_w.l(_printf_u.o)
    0x080001a0   0x080001a0   0x00000006   Code   RO         5042    .ARM.Collect$$_printf_percent$$0000000B  c_w.l(_printf_o.o)
    0x080001a6   0x080001a6   0x00000006   Code   RO         5040    .ARM.Collect$$_printf_percent$$0000000C  c_w.l(_printf_x.o)
    0x080001ac   0x080001ac   0x00000006   Code   RO         5051    .ARM.Collect$$_printf_percent$$0000000D  c_w.l(_printf_lli.o)
    0x080001b2   0x080001b2   0x00000006   Code   RO         5052    .ARM.Collect$$_printf_percent$$0000000E  c_w.l(_printf_lld.o)
    0x080001b8   0x080001b8   0x00000006   Code   RO         5053    .ARM.Collect$$_printf_percent$$0000000F  c_w.l(_printf_llu.o)
    0x080001be   0x080001be   0x00000006   Code   RO         5058    .ARM.Collect$$_printf_percent$$00000010  c_w.l(_printf_llo.o)
    0x080001c4   0x080001c4   0x00000006   Code   RO         5059    .ARM.Collect$$_printf_percent$$00000011  c_w.l(_printf_llx.o)
    0x080001ca   0x080001ca   0x0000000a   Code   RO         5055    .ARM.Collect$$_printf_percent$$00000012  c_w.l(_printf_l.o)
    0x080001d4   0x080001d4   0x00000006   Code   RO         5037    .ARM.Collect$$_printf_percent$$00000013  c_w.l(_printf_c.o)
    0x080001da   0x080001da   0x00000006   Code   RO         5038    .ARM.Collect$$_printf_percent$$00000014  c_w.l(_printf_s.o)
    0x080001e0   0x080001e0   0x00000006   Code   RO         5056    .ARM.Collect$$_printf_percent$$00000015  c_w.l(_printf_lc.o)
    0x080001e6   0x080001e6   0x00000006   Code   RO         5057    .ARM.Collect$$_printf_percent$$00000016  c_w.l(_printf_ls.o)
    0x080001ec   0x080001ec   0x00000004   Code   RO         5191    .ARM.Collect$$_printf_percent$$00000017  c_w.l(_printf_percent_end.o)
    0x080001f0   0x080001f0   0x00000002   Code   RO         5257    .ARM.Collect$$libinit$$00000000  c_w.l(libinit.o)
    0x080001f2   0x080001f2   0x00000000   Code   RO         5064    .ARM.Collect$$libinit$$00000002  c_w.l(libinit2.o)
    0x080001f2   0x080001f2   0x00000000   Code   RO         5066    .ARM.Collect$$libinit$$00000004  c_w.l(libinit2.o)
    0x080001f2   0x080001f2   0x00000000   Code   RO         5069    .ARM.Collect$$libinit$$0000000A  c_w.l(libinit2.o)
    0x080001f2   0x080001f2   0x00000000   Code   RO         5071    .ARM.Collect$$libinit$$0000000C  c_w.l(libinit2.o)
    0x080001f2   0x080001f2   0x00000004   Code   RO         5072    .ARM.Collect$$libinit$$0000000D  c_w.l(libinit2.o)
    0x080001f6   0x080001f6   0x00000000   Code   RO         5073    .ARM.Collect$$libinit$$0000000E  c_w.l(libinit2.o)
    0x080001f6   0x080001f6   0x00000006   Code   RO         5074    .ARM.Collect$$libinit$$0000000F  c_w.l(libinit2.o)
    0x080001fc   0x080001fc   0x00000000   Code   RO         5076    .ARM.Collect$$libinit$$00000011  c_w.l(libinit2.o)
    0x080001fc   0x080001fc   0x0000000c   Code   RO         5077    .ARM.Collect$$libinit$$00000012  c_w.l(libinit2.o)
    0x08000208   0x08000208   0x00000000   Code   RO         5078    .ARM.Collect$$libinit$$00000013  c_w.l(libinit2.o)
    0x08000208   0x08000208   0x00000000   Code   RO         5080    .ARM.Collect$$libinit$$00000015  c_w.l(libinit2.o)
    0x08000208   0x08000208   0x0000000a   Code   RO         5081    .ARM.Collect$$libinit$$00000016  c_w.l(libinit2.o)
    0x08000212   0x08000212   0x00000000   Code   RO         5082    .ARM.Collect$$libinit$$00000017  c_w.l(libinit2.o)
    0x08000212   0x08000212   0x00000000   Code   RO         5084    .ARM.Collect$$libinit$$00000019  c_w.l(libinit2.o)
    0x08000212   0x08000212   0x00000000   Code   RO         5086    .ARM.Collect$$libinit$$0000001B  c_w.l(libinit2.o)
    0x08000212   0x08000212   0x00000000   Code   RO         5088    .ARM.Collect$$libinit$$0000001D  c_w.l(libinit2.o)
    0x08000212   0x08000212   0x00000000   Code   RO         5090    .ARM.Collect$$libinit$$0000001F  c_w.l(libinit2.o)
    0x08000212   0x08000212   0x00000000   Code   RO         5092    .ARM.Collect$$libinit$$00000021  c_w.l(libinit2.o)
    0x08000212   0x08000212   0x00000000   Code   RO         5094    .ARM.Collect$$libinit$$00000023  c_w.l(libinit2.o)
    0x08000212   0x08000212   0x00000000   Code   RO         5096    .ARM.Collect$$libinit$$00000025  c_w.l(libinit2.o)
    0x08000212   0x08000212   0x00000000   Code   RO         5100    .ARM.Collect$$libinit$$0000002C  c_w.l(libinit2.o)
    0x08000212   0x08000212   0x00000000   Code   RO         5102    .ARM.Collect$$libinit$$0000002E  c_w.l(libinit2.o)
    0x08000212   0x08000212   0x00000000   Code   RO         5104    .ARM.Collect$$libinit$$00000030  c_w.l(libinit2.o)
    0x08000212   0x08000212   0x00000000   Code   RO         5106    .ARM.Collect$$libinit$$00000032  c_w.l(libinit2.o)
    0x08000212   0x08000212   0x00000002   Code   RO         5107    .ARM.Collect$$libinit$$00000033  c_w.l(libinit2.o)
    0x08000214   0x08000214   0x00000002   Code   RO         5303    .ARM.Collect$$libshutdown$$00000000  c_w.l(libshutdown.o)
    0x08000216   0x08000216   0x00000000   Code   RO         5309    .ARM.Collect$$libshutdown$$00000002  c_w.l(libshutdown2.o)
    0x08000216   0x08000216   0x00000000   Code   RO         5311    .ARM.Collect$$libshutdown$$00000004  c_w.l(libshutdown2.o)
    0x08000216   0x08000216   0x00000000   Code   RO         5314    .ARM.Collect$$libshutdown$$00000007  c_w.l(libshutdown2.o)
    0x08000216   0x08000216   0x00000000   Code   RO         5317    .ARM.Collect$$libshutdown$$0000000A  c_w.l(libshutdown2.o)
    0x08000216   0x08000216   0x00000000   Code   RO         5319    .ARM.Collect$$libshutdown$$0000000C  c_w.l(libshutdown2.o)
    0x08000216   0x08000216   0x00000000   Code   RO         5322    .ARM.Collect$$libshutdown$$0000000F  c_w.l(libshutdown2.o)
    0x08000216   0x08000216   0x00000002   Code   RO         5323    .ARM.Collect$$libshutdown$$00000010  c_w.l(libshutdown2.o)
    0x08000218   0x08000218   0x00000000   Code   RO         4966    .ARM.Collect$$rtentry$$00000000  c_w.l(__rtentry.o)
    0x08000218   0x08000218   0x00000000   Code   RO         5157    .ARM.Collect$$rtentry$$00000002  c_w.l(__rtentry2.o)
    0x08000218   0x08000218   0x00000006   Code   RO         5169    .ARM.Collect$$rtentry$$00000004  c_w.l(__rtentry4.o)
    0x0800021e   0x0800021e   0x00000000   Code   RO         5159    .ARM.Collect$$rtentry$$00000009  c_w.l(__rtentry2.o)
    0x0800021e   0x0800021e   0x00000004   Code   RO         5160    .ARM.Collect$$rtentry$$0000000A  c_w.l(__rtentry2.o)
    0x08000222   0x08000222   0x00000000   Code   RO         5162    .ARM.Collect$$rtentry$$0000000C  c_w.l(__rtentry2.o)
    0x08000222   0x08000222   0x00000008   Code   RO         5163    .ARM.Collect$$rtentry$$0000000D  c_w.l(__rtentry2.o)
    0x0800022a   0x0800022a   0x00000002   Code   RO         5264    .ARM.Collect$$rtexit$$00000000  c_w.l(rtexit.o)
    0x0800022c   0x0800022c   0x00000000   Code   RO         5281    .ARM.Collect$$rtexit$$00000002  c_w.l(rtexit2.o)
    0x0800022c   0x0800022c   0x00000004   Code   RO         5282    .ARM.Collect$$rtexit$$00000003  c_w.l(rtexit2.o)
    0x08000230   0x08000230   0x00000006   Code   RO         5283    .ARM.Collect$$rtexit$$00000004  c_w.l(rtexit2.o)
    0x08000236   0x08000236   0x00000002   PAD
    0x08000238   0x08000238   0x00000034   Code   RO         4880    .emb_text           c_w.l(rand.o)
    0x0800026c   0x0800026c   0x00000040   Code   RO            4    .text               startup_stm32f10x_md.o
    0x080002ac   0x080002ac   0x00000024   Code   RO         4878    .text               c_w.l(vsprintf.o)
    0x080002d0   0x080002d0   0x0000003c   Code   RO         4881    .text               c_w.l(rand.o)
    0x0800030c   0x0800030c   0x0000003e   Code   RO         4885    .text               c_w.l(strlen.o)
    0x0800034a   0x0800034a   0x00000064   Code   RO         4887    .text               c_w.l(rt_memcpy_w.o)
    0x080003ae   0x080003ae   0x0000004e   Code   RO         4889    .text               c_w.l(rt_memclr_w.o)
    0x080003fc   0x080003fc   0x00000080   Code   RO         4891    .text               c_w.l(strcmpv7m.o)
    0x0800047c   0x0800047c   0x0000000c   Code   RO         4893    .text               c_w.l(localtime.o)
    0x08000488   0x08000488   0x000001ac   Code   RO         4896    .text               c_w.l(mktime.o)
    0x08000634   0x08000634   0x00000006   Code   RO         4898    .text               c_w.l(heapauxi.o)
    0x0800063a   0x0800063a   0x0000004e   Code   RO         4971    .text               c_w.l(_printf_pad.o)
    0x08000688   0x08000688   0x00000024   Code   RO         4973    .text               c_w.l(_printf_truncate.o)
    0x080006ac   0x080006ac   0x00000052   Code   RO         4975    .text               c_w.l(_printf_str.o)
    0x080006fe   0x080006fe   0x00000002   PAD
    0x08000700   0x08000700   0x00000078   Code   RO         4977    .text               c_w.l(_printf_dec.o)
    0x08000778   0x08000778   0x00000028   Code   RO         4979    .text               c_w.l(_printf_charcount.o)
    0x080007a0   0x080007a0   0x00000030   Code   RO         4981    .text               c_w.l(_printf_char_common.o)
    0x080007d0   0x080007d0   0x0000000a   Code   RO         4983    .text               c_w.l(_sputc.o)
    0x080007da   0x080007da   0x00000002   PAD
    0x080007dc   0x080007dc   0x000000bc   Code   RO         4985    .text               c_w.l(_printf_wctomb.o)
    0x08000898   0x08000898   0x0000007c   Code   RO         4988    .text               c_w.l(_printf_longlong_dec.o)
    0x08000914   0x08000914   0x00000070   Code   RO         4994    .text               c_w.l(_printf_oct_int_ll.o)
    0x08000984   0x08000984   0x00000094   Code   RO         5014    .text               c_w.l(_printf_hex_int_ll_ptr.o)
    0x08000a18   0x08000a18   0x00000188   Code   RO         5034    .text               c_w.l(__printf_flags_ss_wp.o)
    0x08000ba0   0x08000ba0   0x000000b8   Code   RO         5061    .text               c_w.l(localtime_internal.o)
    0x08000c58   0x08000c58   0x0000008a   Code   RO         5176    .text               c_w.l(lludiv10.o)
    0x08000ce2   0x08000ce2   0x000000b2   Code   RO         5178    .text               c_w.l(_printf_intcommon.o)
    0x08000d94   0x08000d94   0x0000041e   Code   RO         5180    .text               c_w.l(_printf_fp_dec.o)
    0x080011b2   0x080011b2   0x00000002   PAD
    0x080011b4   0x080011b4   0x000002fc   Code   RO         5182    .text               c_w.l(_printf_fp_hex.o)
    0x080014b0   0x080014b0   0x0000002c   Code   RO         5187    .text               c_w.l(_printf_char.o)
    0x080014dc   0x080014dc   0x0000002c   Code   RO         5189    .text               c_w.l(_printf_wchar.o)
    0x08001508   0x08001508   0x00000040   Code   RO         5192    .text               c_w.l(_wcrtomb.o)
    0x08001548   0x08001548   0x00000008   Code   RO         5204    .text               c_w.l(libspace.o)
    0x08001550   0x08001550   0x0000004a   Code   RO         5207    .text               c_w.l(sys_stackheap_outer.o)
    0x0800159a   0x0800159a   0x00000002   PAD
    0x0800159c   0x0800159c   0x00000010   Code   RO         5209    .text               c_w.l(rt_ctype_table.o)
    0x080015ac   0x080015ac   0x00000008   Code   RO         5214    .text               c_w.l(rt_locale_intlibspace.o)
    0x080015b4   0x080015b4   0x00000080   Code   RO         5216    .text               c_w.l(_printf_fp_infnan.o)
    0x08001634   0x08001634   0x000000e4   Code   RO         5218    .text               c_w.l(bigflt0.o)
    0x08001718   0x08001718   0x00000012   Code   RO         5246    .text               c_w.l(exit.o)
    0x0800172a   0x0800172a   0x00000002   Code   RO         5277    .text               c_w.l(use_no_semi.o)
    0x0800172c   0x0800172c   0x00000000   Code   RO         5279    .text               c_w.l(indicate_semi.o)
    0x0800172c   0x0800172c   0x0000000c   Code   RO         5295    .text               c_w.l(sys_exit.o)
    0x08001738   0x08001738   0x0000003e   Code   RO         5221    CL$$btod_d2e        c_w.l(btod.o)
    0x08001776   0x08001776   0x00000046   Code   RO         5223    CL$$btod_d2e_denorm_low  c_w.l(btod.o)
    0x080017bc   0x080017bc   0x00000060   Code   RO         5222    CL$$btod_d2e_norm_op1  c_w.l(btod.o)
    0x0800181c   0x0800181c   0x00000338   Code   RO         5231    CL$$btod_div_common  c_w.l(btod.o)
    0x08001b54   0x08001b54   0x000000dc   Code   RO         5228    CL$$btod_e2e        c_w.l(btod.o)
    0x08001c30   0x08001c30   0x0000002a   Code   RO         5225    CL$$btod_ediv       c_w.l(btod.o)
    0x08001c5a   0x08001c5a   0x0000002a   Code   RO         5224    CL$$btod_emul       c_w.l(btod.o)
    0x08001c84   0x08001c84   0x00000244   Code   RO         5230    CL$$btod_mult_common  c_w.l(btod.o)
    0x08001ec8   0x08001ec8   0x0000001c   Code   RO          431    i.BKP_ReadBackupRegister  stm32f10x_bkp.o
    0x08001ee4   0x08001ee4   0x0000001c   Code   RO          435    i.BKP_WriteBackupRegister  stm32f10x_bkp.o
    0x08001f00   0x08001f00   0x00000004   Code   RO         4813    i.BusFault_Handler  stm32f10x_it.o
    0x08001f04   0x08001f04   0x000005a4   Code   RO         4677    i.ClockMenu_Alarm_Funsion  clockmenu_alarm.o
    0x080024a8   0x080024a8   0x00000068   Code   RO         4678    i.ClockMenu_Alarm_Init  clockmenu_alarm.o
    0x08002510   0x08002510   0x00000088   Code   RO         4679    i.ClockMenu_Alarm_View_MAIN  clockmenu_alarm.o
    0x08002598   0x08002598   0x00000074   Code   RO         4724    i.ClockMenu_Alarm_View_MAIN  clockmenu_setting.o
    0x0800260c   0x0800260c   0x000000fc   Code   RO         4680    i.ClockMenu_Alarm_View_SETTING  clockmenu_alarm.o
    0x08002708   0x08002708   0x000000fc   Code   RO         4725    i.ClockMenu_Alarm_View_SETTING  clockmenu_setting.o
    0x08002804   0x08002804   0x00000088   Code   RO         4681    i.ClockMenu_Alarm_View_SWITCH  clockmenu_alarm.o
    0x0800288c   0x0800288c   0x00000002   Code   RO         4638    i.ClockMenu_Funsion  clockmenu.o
    0x0800288e   0x0800288e   0x00000002   PAD
    0x08002890   0x08002890   0x0000005c   Code   RO         4639    i.ClockMenu_Init    clockmenu.o
    0x080028ec   0x080028ec   0x000004fc   Code   RO         4726    i.ClockMenu_Setting_Funsion  clockmenu_setting.o
    0x08002de8   0x08002de8   0x0000006c   Code   RO         4727    i.ClockMenu_Setting_Init  clockmenu_setting.o
    0x08002e54   0x08002e54   0x0000004c   Code   RO         4761    i.ClockMenu_Time_Funsion  clockmenu_time.o
    0x08002ea0   0x08002ea0   0x00000034   Code   RO         4762    i.ClockMenu_Time_Init  clockmenu_time.o
    0x08002ed4   0x08002ed4   0x00000110   Code   RO         4763    i.ClockMenu_Time_Loop  clockmenu_time.o
    0x08002fe4   0x08002fe4   0x00000002   Code   RO         4814    i.DebugMon_Handler  stm32f10x_it.o
    0x08002fe6   0x08002fe6   0x00000018   Code   RO         3196    i.Delay_ms          delay.o
    0x08002ffe   0x08002ffe   0x0000002e   Code   RO         3198    i.Delay_us          delay.o
    0x0800302c   0x0800302c   0x0000001c   Code   RO         3658    i.Encoder_GetCounter  encoder.o
    0x08003048   0x08003048   0x000000b8   Code   RO         3659    i.Encoder_Init      encoder.o
    0x08003100   0x08003100   0x000000d4   Code   RO         3660    i.Encoder_Loop      encoder.o
    0x080031d4   0x080031d4   0x0000004c   Code   RO         1046    i.FLASH_ErasePage   stm32f10x_flash.o
    0x08003220   0x08003220   0x00000034   Code   RO         1047    i.FLASH_GetBank1Status  stm32f10x_flash.o
    0x08003254   0x08003254   0x00000014   Code   RO         1056    i.FLASH_Lock        stm32f10x_flash.o
    0x08003268   0x08003268   0x00000040   Code   RO         1059    i.FLASH_ProgramHalfWord  stm32f10x_flash.o
    0x080032a8   0x080032a8   0x00000018   Code   RO         1064    i.FLASH_Unlock      stm32f10x_flash.o
    0x080032c0   0x080032c0   0x00000026   Code   RO         1068    i.FLASH_WaitForLastOperation  stm32f10x_flash.o
    0x080032e6   0x080032e6   0x00000116   Code   RO         1347    i.GPIO_Init         stm32f10x_gpio.o
    0x080033fc   0x080033fc   0x00000012   Code   RO         1351    i.GPIO_ReadInputDataBit  stm32f10x_gpio.o
    0x0800340e   0x0800340e   0x0000000a   Code   RO         1358    i.GPIO_WriteBit     stm32f10x_gpio.o
    0x08003418   0x08003418   0x000000f0   Code   RO         3833    i.GUI_Display       gui.o
    0x08003508   0x08003508   0x00000028   Code   RO         3834    i.GUI_Init          gui.o
    0x08003530   0x08003530   0x00000038   Code   RO         3835    i.GUI_ReceiveCommand  gui.o
    0x08003568   0x08003568   0x0000002c   Code   RO         3836    i.GUI_SetRelationship  gui.o
    0x08003594   0x08003594   0x00000008   Code   RO         3837    i.GUI_ToChild       gui.o
    0x0800359c   0x0800359c   0x00000008   Code   RO         3838    i.GUI_ToFather      gui.o
    0x080035a4   0x080035a4   0x00000008   Code   RO         3839    i.GUI_ToFunsion     gui.o
    0x080035ac   0x080035ac   0x000000c4   Code   RO         3840    i.GUI_ToLast        gui.o
    0x08003670   0x08003670   0x000000ca   Code   RO         3841    i.GUI_ToNext        gui.o
    0x0800373a   0x0800373a   0x00000002   Code   RO         4049    i.GameMenu_Funsion  gamemenu.o
    0x0800373c   0x0800373c   0x0000005c   Code   RO         4050    i.GameMenu_Init     gamemenu.o
    0x08003798   0x08003798   0x00000250   Code   RO         4088    i.GameMenu_Minesweeper_Funsion  gamemenu_minesweeper.o
    0x080039e8   0x080039e8   0x00000044   Code   RO         4089    i.GameMenu_Minesweeper_Init  gamemenu_minesweeper.o
    0x08003a2c   0x08003a2c   0x000000a4   Code   RO         4090    i.GameMenu_Minesweeper_View_HELP  gamemenu_minesweeper.o
    0x08003ad0   0x08003ad0   0x00000098   Code   RO         4091    i.GameMenu_Minesweeper_View_LEVEL  gamemenu_minesweeper.o
    0x08003b68   0x08003b68   0x00000098   Code   RO         4092    i.GameMenu_Minesweeper_View_MAIN  gamemenu_minesweeper.o
    0x08003c00   0x08003c00   0x00000054   Code   RO         4093    i.GameMenu_Minesweeper_View_PAUSE  gamemenu_minesweeper.o
    0x08003c54   0x08003c54   0x000000c0   Code   RO         4094    i.GameMenu_Minesweeper_View_RECORD  gamemenu_minesweeper.o
    0x08003d14   0x08003d14   0x000001d0   Code   RO         4228    i.GameMenu_Snake_Funsion  gamemenu_snake.o
    0x08003ee4   0x08003ee4   0x00000044   Code   RO         4229    i.GameMenu_Snake_Init  gamemenu_snake.o
    0x08003f28   0x08003f28   0x00000098   Code   RO         4230    i.GameMenu_Snake_View_HELP  gamemenu_snake.o
    0x08003fc0   0x08003fc0   0x00000098   Code   RO         4231    i.GameMenu_Snake_View_MAIN  gamemenu_snake.o
    0x08004058   0x08004058   0x00000054   Code   RO         4232    i.GameMenu_Snake_View_PAUSE  gamemenu_snake.o
    0x080040ac   0x080040ac   0x0000004c   Code   RO         4233    i.GameMenu_Snake_View_RECORD  gamemenu_snake.o
    0x080040f8   0x080040f8   0x000001ec   Code   RO         4314    i.GameMenu_Tetris_Funsion  gamemenu_tetris.o
    0x080042e4   0x080042e4   0x00000038   Code   RO         4315    i.GameMenu_Tetris_Init  gamemenu_tetris.o
    0x0800431c   0x0800431c   0x000000a4   Code   RO         4316    i.GameMenu_Tetris_View_HELP  gamemenu_tetris.o
    0x080043c0   0x080043c0   0x00000098   Code   RO         4317    i.GameMenu_Tetris_View_MAIN  gamemenu_tetris.o
    0x08004458   0x08004458   0x00000054   Code   RO         4318    i.GameMenu_Tetris_View_PAUSE  gamemenu_tetris.o
    0x080044ac   0x080044ac   0x0000004c   Code   RO         4319    i.GameMenu_Tetris_View_RECORD  gamemenu_tetris.o
    0x080044f8   0x080044f8   0x00000004   Code   RO         4815    i.HardFault_Handler  stm32f10x_it.o
    0x080044fc   0x080044fc   0x00000010   Code   RO         1665    i.IWDG_Enable       stm32f10x_iwdg.o
    0x0800450c   0x0800450c   0x00000038   Code   RO         4792    i.IWDG_Init         main.o
    0x08004544   0x08004544   0x00000010   Code   RO         1667    i.IWDG_ReloadCounter  stm32f10x_iwdg.o
    0x08004554   0x08004554   0x0000000c   Code   RO         1668    i.IWDG_SetPrescaler  stm32f10x_iwdg.o
    0x08004560   0x08004560   0x0000000c   Code   RO         1669    i.IWDG_SetReload    stm32f10x_iwdg.o
    0x0800456c   0x0800456c   0x0000000c   Code   RO         1670    i.IWDG_WriteAccessCmd  stm32f10x_iwdg.o
    0x08004578   0x08004578   0x00000040   Code   RO         3352    i.Key_GetState      key.o
    0x080045b8   0x080045b8   0x0000005c   Code   RO         3353    i.Key_Init          key.o
    0x08004614   0x08004614   0x00000144   Code   RO         3354    i.Key_Loop          key.o
    0x08004758   0x08004758   0x00000018   Code   RO         3763    i.MSG_DefaultProc   msg.o
    0x08004770   0x08004770   0x00000044   Code   RO         3791    i.MSG_GetMessage    message.o
    0x080047b4   0x080047b4   0x00000018   Code   RO         3792    i.MSG_Init          message.o
    0x080047cc   0x080047cc   0x00000006   Code   RO         3793    i.MSG_MQOverflow    message.o
    0x080047d2   0x080047d2   0x00000002   PAD
    0x080047d4   0x080047d4   0x00000044   Code   RO         3794    i.MSG_SendInitMessage  message.o
    0x08004818   0x08004818   0x00000114   Code   RO         3795    i.MSG_SendMessage   message.o
    0x0800492c   0x0800492c   0x00000018   Code   RO         3796    i.MSG_isEmpty       message.o
    0x08004944   0x08004944   0x00000004   Code   RO         4816    i.MemManage_Handler  stm32f10x_it.o
    0x08004948   0x08004948   0x0000000c   Code   RO         3914    i.Menu_GetFather    menu.o
    0x08004954   0x08004954   0x0000000c   Code   RO         3915    i.Menu_GetIcon      menu.o
    0x08004960   0x08004960   0x0000000c   Code   RO         3916    i.Menu_GetLast      menu.o
    0x0800496c   0x0800496c   0x0000000c   Code   RO         3917    i.Menu_GetName      menu.o
    0x08004978   0x08004978   0x0000000c   Code   RO         3918    i.Menu_GetNext      menu.o
    0x08004984   0x08004984   0x00000012   Code   RO         3919    i.Menu_Init         menu.o
    0x08004996   0x08004996   0x0000003a   Code   RO         3920    i.Menu_SetChild     menu.o
    0x080049d0   0x080049d0   0x0000000c   Code   RO         3921    i.Menu_SetCurrent   menu.o
    0x080049dc   0x080049dc   0x00000028   Code   RO         3922    i.Menu_SetFather    menu.o
    0x08004a04   0x08004a04   0x00000006   Code   RO         3927    i.Menu_SetNext      menu.o
    0x08004a0a   0x08004a0a   0x00000002   PAD
    0x08004a0c   0x08004a0c   0x00000020   Code   RO         3928    i.Menu_ToChild      menu.o
    0x08004a2c   0x08004a2c   0x00000030   Code   RO         3929    i.Menu_ToFather     menu.o
    0x08004a5c   0x08004a5c   0x00000020   Code   RO         3930    i.Menu_ToFunsion    menu.o
    0x08004a7c   0x08004a7c   0x00000020   Code   RO         3931    i.Menu_ToLast       menu.o
    0x08004a9c   0x08004a9c   0x00000020   Code   RO         3932    i.Menu_ToNext       menu.o
    0x08004abc   0x08004abc   0x00000078   Code   RO         4095    i.Minesweeper_ClearArea  gamemenu_minesweeper.o
    0x08004b34   0x08004b34   0x0000004c   Code   RO         4096    i.Minesweeper_CreateMine  gamemenu_minesweeper.o
    0x08004b80   0x08004b80   0x000000f8   Code   RO         4097    i.Minesweeper_Display  gamemenu_minesweeper.o
    0x08004c78   0x08004c78   0x0000002c   Code   RO         4098    i.Minesweeper_Down  gamemenu_minesweeper.o
    0x08004ca4   0x08004ca4   0x00000094   Code   RO         4099    i.Minesweeper_Init  gamemenu_minesweeper.o
    0x08004d38   0x08004d38   0x0000002c   Code   RO         4100    i.Minesweeper_Left  gamemenu_minesweeper.o
    0x08004d64   0x08004d64   0x00000044   Code   RO         4101    i.Minesweeper_Loop  gamemenu_minesweeper.o
    0x08004da8   0x08004da8   0x0000005c   Code   RO         4102    i.Minesweeper_NearbyMineNum  gamemenu_minesweeper.o
    0x08004e04   0x08004e04   0x0000002c   Code   RO         4103    i.Minesweeper_Right  gamemenu_minesweeper.o
    0x08004e30   0x08004e30   0x00000078   Code   RO         4104    i.Minesweeper_Save  gamemenu_minesweeper.o
    0x08004ea8   0x08004ea8   0x0000003c   Code   RO         4105    i.Minesweeper_ShowAllMine  gamemenu_minesweeper.o
    0x08004ee4   0x08004ee4   0x00000088   Code   RO         4106    i.Minesweeper_Sweep  gamemenu_minesweeper.o
    0x08004f6c   0x08004f6c   0x0000002c   Code   RO         4107    i.Minesweeper_Up    gamemenu_minesweeper.o
    0x08004f98   0x08004f98   0x00000040   Code   RO         4108    i.Minesweeper_isWin  gamemenu_minesweeper.o
    0x08004fd8   0x08004fd8   0x00000014   Code   RO         3272    i.MyFLASH_ErasePage  myflash.o
    0x08004fec   0x08004fec   0x00000018   Code   RO         3273    i.MyFLASH_ProgramHalfWord  myflash.o
    0x08005004   0x08005004   0x00000006   Code   RO         3276    i.MyFLASH_ReadHalfWord  myflash.o
    0x0800500a   0x0800500a   0x00000072   Code   RO         3220    i.MyRTC_Init        myrtc.o
    0x0800507c   0x0800507c   0x00000044   Code   RO         3221    i.MyRTC_ReadTime    myrtc.o
    0x080050c0   0x080050c0   0x0000003a   Code   RO         3222    i.MyRTC_SetAlarm    myrtc.o
    0x080050fa   0x080050fa   0x00000002   PAD
    0x080050fc   0x080050fc   0x00000048   Code   RO         3223    i.MyRTC_SetTime     myrtc.o
    0x08005144   0x08005144   0x00000034   Code   RO         3224    i.MyRTC_TurnOffAlarm  myrtc.o
    0x08005178   0x08005178   0x00000034   Code   RO         3225    i.MyRTC_TurnOnAlarm  myrtc.o
    0x080051ac   0x080051ac   0x00000002   Code   RO         4817    i.NMI_Handler       stm32f10x_it.o
    0x080051ae   0x080051ae   0x00000002   PAD
    0x080051b0   0x080051b0   0x00000070   Code   RO          137    i.NVIC_Init         misc.o
    0x08005220   0x08005220   0x00000014   Code   RO          138    i.NVIC_PriorityGroupConfig  misc.o
    0x08005234   0x08005234   0x00000028   Code   RO         3388    i.OLED_Clear        oled.o
    0x0800525c   0x0800525c   0x000000c0   Code   RO         3389    i.OLED_ClearArea    oled.o
    0x0800531c   0x0800531c   0x00000034   Code   RO         3390    i.OLED_CopyDisplayBuf  oled.o
    0x08005350   0x08005350   0x00000176   Code   RO         3394    i.OLED_DrawLine     oled.o
    0x080054c6   0x080054c6   0x00000002   PAD
    0x080054c8   0x080054c8   0x00000050   Code   RO         3395    i.OLED_DrawPoint    oled.o
    0x08005518   0x08005518   0x0000008e   Code   RO         3396    i.OLED_DrawRectangle  oled.o
    0x080055a6   0x080055a6   0x00000002   PAD
    0x080055a8   0x080055a8   0x00000060   Code   RO         3398    i.OLED_GPIO_Init    oled.o
    0x08005608   0x08005608   0x0000003e   Code   RO         3400    i.OLED_I2C_SendByte  oled.o
    0x08005646   0x08005646   0x0000001c   Code   RO         3401    i.OLED_I2C_Start    oled.o
    0x08005662   0x08005662   0x00000016   Code   RO         3402    i.OLED_I2C_Stop     oled.o
    0x08005678   0x08005678   0x0000009a   Code   RO         3403    i.OLED_Init         oled.o
    0x08005712   0x08005712   0x00000032   Code   RO         3406    i.OLED_Printf       oled.o
    0x08005744   0x08005744   0x000000c0   Code   RO         3408    i.OLED_ReverseArea  oled.o
    0x08005804   0x08005804   0x00000022   Code   RO         3409    i.OLED_SetCursor    oled.o
    0x08005826   0x08005826   0x00000002   PAD
    0x08005828   0x08005828   0x00000054   Code   RO         3411    i.OLED_ShowChar     oled.o
    0x0800587c   0x0800587c   0x00000098   Code   RO         3412    i.OLED_ShowChinese  oled.o
    0x08005914   0x08005914   0x00000148   Code   RO         3415    i.OLED_ShowImage    oled.o
    0x08005a5c   0x08005a5c   0x0000002e   Code   RO         3418    i.OLED_ShowString   oled.o
    0x08005a8a   0x08005a8a   0x00000002   PAD
    0x08005a8c   0x08005a8c   0x00000028   Code   RO         3419    i.OLED_Update       oled.o
    0x08005ab4   0x08005ab4   0x0000007c   Code   RO         3420    i.OLED_UpdateArea   oled.o
    0x08005b30   0x08005b30   0x00000018   Code   RO         3421    i.OLED_W_SCL        oled.o
    0x08005b48   0x08005b48   0x00000018   Code   RO         3422    i.OLED_W_SDA        oled.o
    0x08005b60   0x08005b60   0x00000020   Code   RO         3423    i.OLED_WriteCommand  oled.o
    0x08005b80   0x08005b80   0x0000002e   Code   RO         3424    i.OLED_WriteData    oled.o
    0x08005bae   0x08005bae   0x00000002   PAD
    0x08005bb0   0x08005bb0   0x0000000c   Code   RO         1710    i.PWR_BackupAccessCmd  stm32f10x_pwr.o
    0x08005bbc   0x08005bbc   0x00000002   Code   RO         4818    i.PendSV_Handler    stm32f10x_it.o
    0x08005bbe   0x08005bbe   0x00000002   PAD
    0x08005bc0   0x08005bc0   0x00000020   Code   RO         1775    i.RCC_APB1PeriphClockCmd  stm32f10x_rcc.o
    0x08005be0   0x08005be0   0x00000020   Code   RO         1777    i.RCC_APB2PeriphClockCmd  stm32f10x_rcc.o
    0x08005c00   0x08005c00   0x00000014   Code   RO         1781    i.RCC_ClearFlag     stm32f10x_rcc.o
    0x08005c14   0x08005c14   0x0000003c   Code   RO         1786    i.RCC_GetFlagStatus  stm32f10x_rcc.o
    0x08005c50   0x08005c50   0x00000034   Code   RO         1793    i.RCC_LSEConfig     stm32f10x_rcc.o
    0x08005c84   0x08005c84   0x0000000c   Code   RO         1800    i.RCC_RTCCLKCmd     stm32f10x_rcc.o
    0x08005c90   0x08005c90   0x00000010   Code   RO         1801    i.RCC_RTCCLKConfig  stm32f10x_rcc.o
    0x08005ca0   0x08005ca0   0x00000010   Code   RO         1977    i.RTC_ClearITPendingBit  stm32f10x_rtc.o
    0x08005cb0   0x08005cb0   0x00000014   Code   RO         1978    i.RTC_EnterConfigMode  stm32f10x_rtc.o
    0x08005cc4   0x08005cc4   0x00000014   Code   RO         1979    i.RTC_ExitConfigMode  stm32f10x_rtc.o
    0x08005cd8   0x08005cd8   0x00000014   Code   RO         1980    i.RTC_GetCounter    stm32f10x_rtc.o
    0x08005cec   0x08005cec   0x00000024   Code   RO         1983    i.RTC_GetITStatus   stm32f10x_rtc.o
    0x08005d10   0x08005d10   0x00000130   Code   RO         4682    i.RTC_IRQHandler    clockmenu_alarm.o
    0x08005e40   0x08005e40   0x00000020   Code   RO         1984    i.RTC_ITConfig      stm32f10x_rtc.o
    0x08005e60   0x08005e60   0x0000001c   Code   RO         1985    i.RTC_SetAlarm      stm32f10x_rtc.o
    0x08005e7c   0x08005e7c   0x0000001c   Code   RO         1986    i.RTC_SetCounter    stm32f10x_rtc.o
    0x08005e98   0x08005e98   0x00000020   Code   RO         1987    i.RTC_SetPrescaler  stm32f10x_rtc.o
    0x08005eb8   0x08005eb8   0x00000014   Code   RO         1988    i.RTC_WaitForLastTask  stm32f10x_rtc.o
    0x08005ecc   0x08005ecc   0x00000024   Code   RO         1989    i.RTC_WaitForSynchro  stm32f10x_rtc.o
    0x08005ef0   0x08005ef0   0x00000002   Code   RO         4819    i.SVC_Handler       stm32f10x_it.o
    0x08005ef2   0x08005ef2   0x00000008   Code   RO           10    i.SetSysClock       system_stm32f10x.o
    0x08005efa   0x08005efa   0x00000002   PAD
    0x08005efc   0x08005efc   0x000000e0   Code   RO           11    i.SetSysClockTo72   system_stm32f10x.o
    0x08005fdc   0x08005fdc   0x00000002   Code   RO         4440    i.SettingMenu_Funsion  settingmenu.o
    0x08005fde   0x08005fde   0x00000002   PAD
    0x08005fe0   0x08005fe0   0x0000002c   Code   RO         4441    i.SettingMenu_Init  settingmenu.o
    0x0800600c   0x0800600c   0x00000088   Code   RO         4234    i.Snake_CreateFood  gamemenu_snake.o
    0x08006094   0x08006094   0x00000144   Code   RO         4235    i.Snake_Display     gamemenu_snake.o
    0x080061d8   0x080061d8   0x000000c0   Code   RO         4236    i.Snake_Init        gamemenu_snake.o
    0x08006298   0x08006298   0x000000a0   Code   RO         4237    i.Snake_Left        gamemenu_snake.o
    0x08006338   0x08006338   0x0000030c   Code   RO         4238    i.Snake_Loop        gamemenu_snake.o
    0x08006644   0x08006644   0x000000a0   Code   RO         4239    i.Snake_Right       gamemenu_snake.o
    0x080066e4   0x080066e4   0x00000060   Code   RO         4240    i.Snake_Save        gamemenu_snake.o
    0x08006744   0x08006744   0x00000064   Code   RO         3323    i.Store_Init        store.o
    0x080067a8   0x080067a8   0x00000034   Code   RO         3324    i.Store_Save        store.o
    0x080067dc   0x080067dc   0x00000002   Code   RO         4820    i.SysTick_Handler   stm32f10x_it.o
    0x080067de   0x080067de   0x00000002   PAD
    0x080067e0   0x080067e0   0x00000060   Code   RO           13    i.SystemInit        system_stm32f10x.o
    0x08006840   0x08006840   0x00000080   Code   RO         2405    i.TI1_Config        stm32f10x_tim.o
    0x080068c0   0x080068c0   0x00000098   Code   RO         2406    i.TI2_Config        stm32f10x_tim.o
    0x08006958   0x08006958   0x00000090   Code   RO         2407    i.TI3_Config        stm32f10x_tim.o
    0x080069e8   0x080069e8   0x00000098   Code   RO         2408    i.TI4_Config        stm32f10x_tim.o
    0x08006a80   0x08006a80   0x000000a8   Code   RO         3685    i.TIM2_IRQHandler   timer.o
    0x08006b28   0x08006b28   0x00000006   Code   RO         2415    i.TIM_ClearFlag     stm32f10x_tim.o
    0x08006b2e   0x08006b2e   0x00000006   Code   RO         2416    i.TIM_ClearITPendingBit  stm32f10x_tim.o
    0x08006b34   0x08006b34   0x00000018   Code   RO         2421    i.TIM_Cmd           stm32f10x_tim.o
    0x08006b4c   0x08006b4c   0x00000042   Code   RO         2430    i.TIM_EncoderInterfaceConfig  stm32f10x_tim.o
    0x08006b8e   0x08006b8e   0x00000006   Code   RO         2440    i.TIM_GetCounter    stm32f10x_tim.o
    0x08006b94   0x08006b94   0x00000022   Code   RO         2442    i.TIM_GetITStatus   stm32f10x_tim.o
    0x08006bb6   0x08006bb6   0x00000002   PAD
    0x08006bb8   0x08006bb8   0x000000ac   Code   RO         2444    i.TIM_ICInit        stm32f10x_tim.o
    0x08006c64   0x08006c64   0x00000012   Code   RO         2445    i.TIM_ICStructInit  stm32f10x_tim.o
    0x08006c76   0x08006c76   0x00000012   Code   RO         2446    i.TIM_ITConfig      stm32f10x_tim.o
    0x08006c88   0x08006c88   0x0000000c   Code   RO         2448    i.TIM_InternalClockConfig  stm32f10x_tim.o
    0x08006c94   0x08006c94   0x00000004   Code   RO         2486    i.TIM_SetCounter    stm32f10x_tim.o
    0x08006c98   0x08006c98   0x00000012   Code   RO         2487    i.TIM_SetIC1Prescaler  stm32f10x_tim.o
    0x08006caa   0x08006caa   0x0000001a   Code   RO         2488    i.TIM_SetIC2Prescaler  stm32f10x_tim.o
    0x08006cc4   0x08006cc4   0x00000012   Code   RO         2489    i.TIM_SetIC3Prescaler  stm32f10x_tim.o
    0x08006cd6   0x08006cd6   0x0000001a   Code   RO         2490    i.TIM_SetIC4Prescaler  stm32f10x_tim.o
    0x08006cf0   0x08006cf0   0x000000a4   Code   RO         2492    i.TIM_TimeBaseInit  stm32f10x_tim.o
    0x08006d94   0x08006d94   0x00000060   Code   RO         4320    i.Tetris_Create     gamemenu_tetris.o
    0x08006df4   0x08006df4   0x000003e4   Code   RO         4321    i.Tetris_Display    gamemenu_tetris.o
    0x080071d8   0x080071d8   0x00000050   Code   RO         4322    i.Tetris_DistanceToBottom  gamemenu_tetris.o
    0x08007228   0x08007228   0x00000054   Code   RO         4323    i.Tetris_Fall       gamemenu_tetris.o
    0x0800727c   0x0800727c   0x0000008c   Code   RO         4324    i.Tetris_Full       gamemenu_tetris.o
    0x08007308   0x08007308   0x00000028   Code   RO         4325    i.Tetris_GameOver   gamemenu_tetris.o
    0x08007330   0x08007330   0x00000018   Code   RO         4326    i.Tetris_Hitbottom  gamemenu_tetris.o
    0x08007348   0x08007348   0x00000044   Code   RO         4327    i.Tetris_Init       gamemenu_tetris.o
    0x0800738c   0x0800738c   0x00000050   Code   RO         4328    i.Tetris_Left       gamemenu_tetris.o
    0x080073dc   0x080073dc   0x000000b0   Code   RO         4329    i.Tetris_Loop       gamemenu_tetris.o
    0x0800748c   0x0800748c   0x00000038   Code   RO         4330    i.Tetris_Pow        gamemenu_tetris.o
    0x080074c4   0x080074c4   0x00000050   Code   RO         4331    i.Tetris_Right      gamemenu_tetris.o
    0x08007514   0x08007514   0x00000094   Code   RO         4332    i.Tetris_RtLeft     gamemenu_tetris.o
    0x080075a8   0x080075a8   0x00000094   Code   RO         4333    i.Tetris_RtRight    gamemenu_tetris.o
    0x0800763c   0x0800763c   0x0000005c   Code   RO         4334    i.Tetris_Save       gamemenu_tetris.o
    0x08007698   0x08007698   0x00000050   Code   RO         4335    i.Tetris_Stack      gamemenu_tetris.o
    0x080076e8   0x080076e8   0x000001b8   Code   RO         4505    i.TextMenu_Create_Funsion  textmenu_create.o
    0x080078a0   0x080078a0   0x00000038   Code   RO         4506    i.TextMenu_Create_Init  textmenu_create.o
    0x080078d8   0x080078d8   0x00000128   Code   RO         4507    i.TextMenu_Create_View_Status0  textmenu_create.o
    0x08007a00   0x08007a00   0x00000104   Code   RO         4508    i.TextMenu_Create_View_Status1  textmenu_create.o
    0x08007b04   0x08007b04   0x00000078   Code   RO         4509    i.TextMenu_Create_View_Status2  textmenu_create.o
    0x08007b7c   0x08007b7c   0x00000044   Code   RO         4510    i.TextMenu_Create_View_Warning  textmenu_create.o
    0x08007bc0   0x08007bc0   0x000000e4   Code   RO         4556    i.TextMenu_Delete_DeleteText  textmenu_delete.o
    0x08007ca4   0x08007ca4   0x00000094   Code   RO         4557    i.TextMenu_Delete_Funsion  textmenu_delete.o
    0x08007d38   0x08007d38   0x00000038   Code   RO         4558    i.TextMenu_Delete_Init  textmenu_delete.o
    0x08007d70   0x08007d70   0x000000ac   Code   RO         4559    i.TextMenu_Delete_View_Status0  textmenu_delete.o
    0x08007e1c   0x08007e1c   0x00000048   Code   RO         4560    i.TextMenu_Delete_View_Warning  textmenu_delete.o
    0x08007e64   0x08007e64   0x00000002   Code   RO         4467    i.TextMenu_Funsion  textmenu.o
    0x08007e66   0x08007e66   0x00000002   PAD
    0x08007e68   0x08007e68   0x0000005c   Code   RO         4468    i.TextMenu_Init     textmenu.o
    0x08007ec4   0x08007ec4   0x00000100   Code   RO         4597    i.TextMenu_Read_DisplayText  textmenu_read.o
    0x08007fc4   0x08007fc4   0x000000c0   Code   RO         4598    i.TextMenu_Read_Funsion  textmenu_read.o
    0x08008084   0x08008084   0x00000038   Code   RO         4599    i.TextMenu_Read_Init  textmenu_read.o
    0x080080bc   0x080080bc   0x000000ac   Code   RO         4600    i.TextMenu_Read_View_Status0  textmenu_read.o
    0x08008168   0x08008168   0x00000048   Code   RO         4601    i.TextMenu_Read_View_Warning  textmenu_read.o
    0x080081b0   0x080081b0   0x00000068   Code   RO         4511    i.TextMenu_Save     textmenu_create.o
    0x08008218   0x08008218   0x000000a0   Code   RO         3686    i.Timer_AddFunction  timer.o
    0x080082b8   0x080082b8   0x00000084   Code   RO         3687    i.Timer_DeleteFunction  timer.o
    0x0800833c   0x0800833c   0x000000d8   Code   RO         3688    i.Timer_Init        timer.o
    0x08008414   0x08008414   0x00000040   Code   RO         3689    i.Timer_SetCount    timer.o
    0x08008454   0x08008454   0x00000040   Code   RO         3690    i.Timer_SetTarget   timer.o
    0x08008494   0x08008494   0x00000040   Code   RO         3691    i.Timer_Start       timer.o
    0x080084d4   0x080084d4   0x00000028   Code   RO         3692    i.Timer_StartAll    timer.o
    0x080084fc   0x080084fc   0x00000040   Code   RO         3693    i.Timer_Stop        timer.o
    0x0800853c   0x0800853c   0x00000028   Code   RO         3694    i.Timer_StopAll     timer.o
    0x08008564   0x08008564   0x0000002c   Code   RO         3695    i.Timer_ToFunction_ByID  timer.o
    0x08008590   0x08008590   0x00000004   Code   RO         4821    i.UsageFault_Handler  stm32f10x_it.o
    0x08008594   0x08008594   0x00000028   Code   RO         5200    i.__ARM_fpclassify  m_ws.l(fpclassify.o)
    0x080085bc   0x080085bc   0x0000000e   Code   RO         5027    i._is_digit         c_w.l(__printf_wp.o)
    0x080085ca   0x080085ca   0x00000002   PAD
    0x080085cc   0x080085cc   0x000000d8   Code   RO         4793    i.main              main.o
    0x080086a4   0x080086a4   0x0000002c   Code   RO         5244    locale$$code        c_w.l(lc_numeric_c.o)
    0x080086d0   0x080086d0   0x0000002c   Code   RO         5269    locale$$code        c_w.l(lc_ctype_c.o)
    0x080086fc   0x080086fc   0x00000150   Code   RO         4904    x$fpl$dadd          fz_ws.l(daddsub_clz.o)
    0x0800884c   0x0800884c   0x000002b0   Code   RO         4911    x$fpl$ddiv          fz_ws.l(ddiv.o)
    0x08008afc   0x08008afc   0x0000005a   Code   RO         4918    x$fpl$dfixu         fz_ws.l(dfixu.o)
    0x08008b56   0x08008b56   0x00000026   Code   RO         4922    x$fpl$dfltu         fz_ws.l(dflt_clz.o)
    0x08008b7c   0x08008b7c   0x00000154   Code   RO         4930    x$fpl$dmul          fz_ws.l(dmul.o)
    0x08008cd0   0x08008cd0   0x0000009c   Code   RO         5110    x$fpl$dnaninf       fz_ws.l(dnaninf.o)
    0x08008d6c   0x08008d6c   0x0000000c   Code   RO         5112    x$fpl$dretinf       fz_ws.l(dretinf.o)
    0x08008d78   0x08008d78   0x00000016   Code   RO         4905    x$fpl$drsb          fz_ws.l(daddsub_clz.o)
    0x08008d8e   0x08008d8e   0x00000002   PAD
    0x08008d90   0x08008d90   0x000001d4   Code   RO         4906    x$fpl$dsub          fz_ws.l(daddsub_clz.o)
    0x08008f64   0x08008f64   0x000000c4   Code   RO         4934    x$fpl$fadd          fz_ws.l(faddsub_clz.o)
    0x08009028   0x08009028   0x00000018   Code   RO         5116    x$fpl$fcmpinf       fz_ws.l(fcmpi.o)
    0x08009040   0x08009040   0x00000068   Code   RO         4940    x$fpl$feqf          fz_ws.l(feqf.o)
    0x080090a8   0x080090a8   0x0000003e   Code   RO         4942    x$fpl$ffixu         fz_ws.l(ffixu.o)
    0x080090e6   0x080090e6   0x00000002   PAD
    0x080090e8   0x080090e8   0x00000030   Code   RO         4947    x$fpl$fflt          fz_ws.l(fflt_clz.o)
    0x08009118   0x08009118   0x00000026   Code   RO         4946    x$fpl$ffltu         fz_ws.l(fflt_clz.o)
    0x0800913e   0x0800913e   0x00000002   PAD
    0x08009140   0x08009140   0x00000102   Code   RO         4954    x$fpl$fmul          fz_ws.l(fmul.o)
    0x08009242   0x08009242   0x0000008c   Code   RO         5118    x$fpl$fnaninf       fz_ws.l(fnaninf.o)
    0x080092ce   0x080092ce   0x0000000a   Code   RO         5120    x$fpl$fretinf       fz_ws.l(fretinf.o)
    0x080092d8   0x080092d8   0x000000ea   Code   RO         4936    x$fpl$fsub          fz_ws.l(faddsub_clz.o)
    0x080093c2   0x080093c2   0x00000004   Code   RO         5122    x$fpl$printf1       fz_ws.l(printf1.o)
    0x080093c6   0x080093c6   0x00000004   Code   RO         5124    x$fpl$printf2       fz_ws.l(printf2.o)
    0x080093ca   0x080093ca   0x00000000   Code   RO         5130    x$fpl$usenofp       fz_ws.l(usenofp.o)
    0x080093ca   0x080093ca   0x00001d98   Data   RO         3646    .constdata          oled_data.o
    0x0800b162   0x0800b162   0x00000002   PAD
    0x0800b164   0x0800b164   0x00000003   Data   RO         3798    .constdata          message.o
    0x0800b167   0x0800b167   0x00000120   Data   RO         4052    .constdata          gamemenu.o
    0x0800b287   0x0800b287   0x00000140   Data   RO         4110    .constdata          gamemenu_minesweeper.o
    0x0800b3c7   0x0800b3c7   0x00000139   Data   RO         4242    .constdata          gamemenu_snake.o
    0x0800b500   0x0800b500   0x00000227   Data   RO         4337    .constdata          gamemenu_tetris.o
    0x0800b727   0x0800b727   0x00000120   Data   RO         4443    .constdata          settingmenu.o
    0x0800b847   0x0800b847   0x00000120   Data   RO         4470    .constdata          textmenu.o
    0x0800b967   0x0800b967   0x00000120   Data   RO         4513    .constdata          textmenu_create.o
    0x0800ba87   0x0800ba87   0x00000120   Data   RO         4562    .constdata          textmenu_delete.o
    0x0800bba7   0x0800bba7   0x00000120   Data   RO         4603    .constdata          textmenu_read.o
    0x0800bcc7   0x0800bcc7   0x00000120   Data   RO         4641    .constdata          clockmenu.o
    0x0800bde7   0x0800bde7   0x00000120   Data   RO         4684    .constdata          clockmenu_alarm.o
    0x0800bf07   0x0800bf07   0x00000120   Data   RO         4729    .constdata          clockmenu_setting.o
    0x0800c027   0x0800c027   0x00000120   Data   RO         4765    .constdata          clockmenu_time.o
    0x0800c147   0x0800c147   0x00000001   PAD
    0x0800c148   0x0800c148   0x00000008   Data   RO         4986    .constdata          c_w.l(_printf_wctomb.o)
    0x0800c150   0x0800c150   0x00000028   Data   RO         5015    .constdata          c_w.l(_printf_hex_int_ll_ptr.o)
    0x0800c178   0x0800c178   0x00000011   Data   RO         5035    .constdata          c_w.l(__printf_flags_ss_wp.o)
    0x0800c189   0x0800c189   0x0000000c   Data   RO         5060    .constdata          c_w.l(_monlen.o)
    0x0800c195   0x0800c195   0x00000026   Data   RO         5183    .constdata          c_w.l(_printf_fp_hex.o)
    0x0800c1bb   0x0800c1bb   0x00000001   PAD
    0x0800c1bc   0x0800c1bc   0x00000094   Data   RO         5219    .constdata          c_w.l(bigflt0.o)
    0x0800c250   0x0800c250   0x00000007   Data   RO         4053    .conststring        gamemenu.o
    0x0800c257   0x0800c257   0x00000001   PAD
    0x0800c258   0x0800c258   0x00000007   Data   RO         4111    .conststring        gamemenu_minesweeper.o
    0x0800c25f   0x0800c25f   0x00000001   PAD
    0x0800c260   0x0800c260   0x0000000a   Data   RO         4243    .conststring        gamemenu_snake.o
    0x0800c26a   0x0800c26a   0x00000002   PAD
    0x0800c26c   0x0800c26c   0x00000010   Data   RO         4338    .conststring        gamemenu_tetris.o
    0x0800c27c   0x0800c27c   0x00000007   Data   RO         4444    .conststring        settingmenu.o
    0x0800c283   0x0800c283   0x00000001   PAD
    0x0800c284   0x0800c284   0x0000000a   Data   RO         4471    .conststring        textmenu.o
    0x0800c28e   0x0800c28e   0x00000002   PAD
    0x0800c290   0x0800c290   0x00000007   Data   RO         4514    .conststring        textmenu_create.o
    0x0800c297   0x0800c297   0x00000001   PAD
    0x0800c298   0x0800c298   0x00000007   Data   RO         4563    .conststring        textmenu_delete.o
    0x0800c29f   0x0800c29f   0x00000001   PAD
    0x0800c2a0   0x0800c2a0   0x00000007   Data   RO         4604    .conststring        textmenu_read.o
    0x0800c2a7   0x0800c2a7   0x00000001   PAD
    0x0800c2a8   0x0800c2a8   0x00000007   Data   RO         4642    .conststring        clockmenu.o
    0x0800c2af   0x0800c2af   0x00000001   PAD
    0x0800c2b0   0x0800c2b0   0x00000007   Data   RO         4685    .conststring        clockmenu_alarm.o
    0x0800c2b7   0x0800c2b7   0x00000001   PAD
    0x0800c2b8   0x0800c2b8   0x0000000d   Data   RO         4766    .conststring        clockmenu_time.o
    0x0800c2c5   0x0800c2c5   0x00000003   PAD
    0x0800c2c8   0x0800c2c8   0x00000020   Data   RO         5340    Region$$Table       anon$$obj.o
    0x0800c2e8   0x0800c2e8   0x0000001c   Data   RO         5243    locale$$data        c_w.l(lc_numeric_c.o)
    0x0800c304   0x0800c304   0x00000110   Data   RO         5268    locale$$data        c_w.l(lc_ctype_c.o)


    Execution Region RW_IRAM1 (Exec base: 0x20000000, Load base: 0x0800c414, Size: 0x00002098, Max: 0x00005000, ABSOLUTE)

    Exec Addr    Load Addr    Size         Type   Attr      Idx    E Section Name        Object

    0x20000000   0x0800c414   0x0000000c   Data   RW         3226    .data               myrtc.o
    0x2000000c   0x0800c420   0x00000002   Data   RW         3355    .data               key.o
    0x2000000e   0x0800c422   0x00000003   Data   RW         3661    .data               encoder.o
    0x20000011   0x0800c425   0x00000003   PAD
    0x20000014   0x0800c428   0x00000004   Data   RW         3933    .data               menu.o
    0x20000018   0x0800c42c   0x00000004   Data   RW         4054    .data               gamemenu.o
    0x2000001c   0x0800c430   0x00000005   Data   RW         4112    .data               gamemenu_minesweeper.o
    0x20000021   0x0800c435   0x00000003   PAD
    0x20000024   0x0800c438   0x00000005   Data   RW         4244    .data               gamemenu_snake.o
    0x20000029   0x0800c43d   0x00000003   PAD
    0x2000002c   0x0800c440   0x00000013   Data   RW         4339    .data               gamemenu_tetris.o
    0x2000003f   0x0800c453   0x00000001   PAD
    0x20000040   0x0800c454   0x00000004   Data   RW         4445    .data               settingmenu.o
    0x20000044   0x0800c458   0x00000004   Data   RW         4472    .data               textmenu.o
    0x20000048   0x0800c45c   0x00000004   Data   RW         4515    .data               textmenu_create.o
    0x2000004c   0x0800c460   0x00000004   Data   RW         4564    .data               textmenu_delete.o
    0x20000050   0x0800c464   0x00000004   Data   RW         4605    .data               textmenu_read.o
    0x20000054   0x0800c468   0x00000004   Data   RW         4643    .data               clockmenu.o
    0x20000058   0x0800c46c   0x00000005   Data   RW         4686    .data               clockmenu_alarm.o
    0x2000005d   0x0800c471   0x00000003   PAD
    0x20000060   0x0800c474   0x00000005   Data   RW         4731    .data               clockmenu_setting.o
    0x20000065   0x0800c479   0x00000003   PAD
    0x20000068   0x0800c47c   0x00000004   Data   RW         4767    .data               clockmenu_time.o
    0x2000006c        -       0x00000400   Zero   RW         3325    .bss                store.o
    0x2000046c        -       0x00000400   Zero   RW         3426    .bss                oled.o
    0x2000086c        -       0x000000c4   Zero   RW         3696    .bss                timer.o
    0x20000930        -       0x00000036   Zero   RW         3797    .bss                message.o
    0x20000966   0x0800c480   0x00000002   PAD
    0x20000968        -       0x0000001c   Zero   RW         4051    .bss                gamemenu.o
    0x20000984        -       0x00000122   Zero   RW         4109    .bss                gamemenu_minesweeper.o
    0x20000aa6   0x0800c480   0x00000002   PAD
    0x20000aa8        -       0x00000d10   Zero   RW         4241    .bss                gamemenu_snake.o
    0x200017b8        -       0x00000050   Zero   RW         4336    .bss                gamemenu_tetris.o
    0x20001808        -       0x0000001c   Zero   RW         4442    .bss                settingmenu.o
    0x20001824        -       0x0000001c   Zero   RW         4469    .bss                textmenu.o
    0x20001840        -       0x0000001c   Zero   RW         4512    .bss                textmenu_create.o
    0x2000185c        -       0x0000001c   Zero   RW         4561    .bss                textmenu_delete.o
    0x20001878        -       0x0000001c   Zero   RW         4602    .bss                textmenu_read.o
    0x20001894        -       0x0000001c   Zero   RW         4640    .bss                clockmenu.o
    0x200018b0        -       0x0000002a   Zero   RW         4683    .bss                clockmenu_alarm.o
    0x200018da   0x0800c480   0x00000002   PAD
    0x200018dc        -       0x0000002a   Zero   RW         4728    .bss                clockmenu_setting.o
    0x20001906   0x0800c480   0x00000002   PAD
    0x20001908        -       0x0000001c   Zero   RW         4764    .bss                clockmenu_time.o
    0x20001924        -       0x000000e4   Zero   RW         4882    .bss                c_w.l(rand.o)
    0x20001a08        -       0x0000002c   Zero   RW         4894    .bss                c_w.l(localtime.o)
    0x20001a34        -       0x00000060   Zero   RW         5205    .bss                c_w.l(libspace.o)
    0x20001a94   0x0800c480   0x00000004   PAD
    0x20001a98        -       0x00000200   Zero   RW            2    HEAP                startup_stm32f10x_md.o
    0x20001c98        -       0x00000400   Zero   RW            1    STACK               startup_stm32f10x_md.o


==============================================================================

Image component sizes


      Code (inc. data)   RO Data    RW Data    ZI Data      Debug   Object Name

        94         30        295          4         28       1655   clockmenu.o
      2376        266        295          5         42       5128   clockmenu_alarm.o
      1752        190        288          5         42       3907   clockmenu_setting.o
       400         74        301          4         28       2227   clockmenu_time.o
        70          0          0          0          0        890   delay.o
       424         34          0          3          0       1738   encoder.o
        94         30        295          4         28       1642   gamemenu.o
      2712        382        327          5        290      12872   gamemenu_minesweeper.o
      2844        274        323          5       3344       8592   gamemenu_snake.o
      3412        424        567         19         80      13115   gamemenu_tetris.o
       802         38          0          0          0       4286   gui.o
       480         26          0          2          0       2598   key.o
       272         16          0          0          0       1003   main.o
       370         56          0          4          0       7763   menu.o
       466         30          3          0         54       3346   message.o
       132         22          0          0          0     204671   misc.o
        24          0          0          0          0       1370   msg.o
        50          0          0          0          0       1513   myflash.o
       416          8          0         12          0       4465   myrtc.o
      2418         74          0          0       1024      16425   oled.o
         0          0       7576          0          0       1248   oled_data.o
        46         18        295          4         28       1613   settingmenu.o
        64         26        236          0       1536        808   startup_stm32f10x_md.o
         0          0          0          0          0       1640   stm32f10x_adc.o
        56         10          0          0          0       2031   stm32f10x_bkp.o
       274         30          0          0          0       9402   stm32f10x_flash.o
       306          0          0          0          0      11248   stm32f10x_gpio.o
        26          0          0          0          0       3578   stm32f10x_it.o
        68         30          0          0          0       2202   stm32f10x_iwdg.o
        12          6          0          0          0        458   stm32f10x_pwr.o
       224         38          0          0          0       3445   stm32f10x_rcc.o
       288         52          0          0          0       5123   stm32f10x_rtc.o
      1194        150          0          0          0      32143   stm32f10x_tim.o
       152         18          0          0       1024       1471   store.o
       328         28          0          0          0      34901   system_stm32f10x.o
        94         30        298          4         28       1627   textmenu.o
      1344        182        295          4         28       5407   textmenu_create.o
       676        114        295          4         28       3623   textmenu_delete.o
       748        102        295          4         28       3635   textmenu_read.o
      1056         52          0          0        196       6625   timer.o

    ----------------------------------------------------------------------
     26596       2860      12034        108       7864     431434   Object Totals
         0          0         32          0          0          0   (incl. Generated)
        32          0         18         16          8          0   (incl. Padding)

    ----------------------------------------------------------------------

      Code (inc. data)   RO Data    RW Data    ZI Data      Debug   Library Member Name

         8          0          0          0          0         68   __main.o
       392          4         17          0          0         92   __printf_flags_ss_wp.o
        14          0          0          0          0         68   __printf_wp.o
         0          0          0          0          0          0   __rtentry.o
        12          0          0          0          0          0   __rtentry2.o
         6          0          0          0          0          0   __rtentry4.o
        52          8          0          0          0          0   __scatter.o
        26          0          0          0          0          0   __scatter_copy.o
        28          0          0          0          0          0   __scatter_zi.o
         0          0         12          0          0          0   _monlen.o
         6          0          0          0          0          0   _printf_a.o
         6          0          0          0          0          0   _printf_c.o
        44          0          0          0          0        108   _printf_char.o
        48          6          0          0          0         96   _printf_char_common.o
        40          0          0          0          0         68   _printf_charcount.o
         6          0          0          0          0          0   _printf_d.o
       120         16          0          0          0         92   _printf_dec.o
         6          0          0          0          0          0   _printf_e.o
         6          0          0          0          0          0   _printf_f.o
      1054          0          0          0          0        216   _printf_fp_dec.o
       764          8         38          0          0        100   _printf_fp_hex.o
       128         16          0          0          0         84   _printf_fp_infnan.o
         6          0          0          0          0          0   _printf_g.o
       148          4         40          0          0        160   _printf_hex_int_ll_ptr.o
         6          0          0          0          0          0   _printf_i.o
       178          0          0          0          0         88   _printf_intcommon.o
        10          0          0          0          0          0   _printf_l.o
         6          0          0          0          0          0   _printf_lc.o
        10          0          0          0          0          0   _printf_ll.o
         6          0          0          0          0          0   _printf_lld.o
         6          0          0          0          0          0   _printf_lli.o
         6          0          0          0          0          0   _printf_llo.o
         6          0          0          0          0          0   _printf_llu.o
         6          0          0          0          0          0   _printf_llx.o
       124         16          0          0          0         92   _printf_longlong_dec.o
         6          0          0          0          0          0   _printf_ls.o
         6          0          0          0          0          0   _printf_n.o
         6          0          0          0          0          0   _printf_o.o
       112         10          0          0          0        124   _printf_oct_int_ll.o
         6          0          0          0          0          0   _printf_p.o
        78          0          0          0          0        108   _printf_pad.o
         0          0          0          0          0          0   _printf_percent.o
         4          0          0          0          0          0   _printf_percent_end.o
         6          0          0          0          0          0   _printf_s.o
        82          0          0          0          0         80   _printf_str.o
        36          0          0          0          0         84   _printf_truncate.o
         6          0          0          0          0          0   _printf_u.o
        44          0          0          0          0        108   _printf_wchar.o
       188          6          8          0          0         92   _printf_wctomb.o
         6          0          0          0          0          0   _printf_x.o
        10          0          0          0          0         68   _sputc.o
        64          0          0          0          0         92   _wcrtomb.o
       228          4        148          0          0         96   bigflt0.o
      1936        128          0          0          0        672   btod.o
        18          0          0          0          0         80   exit.o
         6          0          0          0          0        152   heapauxi.o
         0          0          0          0          0          0   indicate_semi.o
        44         10        272          0          0         76   lc_ctype_c.o
        44         10         28          0          0         76   lc_numeric_c.o
         2          0          0          0          0          0   libinit.o
        34          0          0          0          0          0   libinit2.o
         2          0          0          0          0          0   libshutdown.o
         2          0          0          0          0          0   libshutdown2.o
         8          4          0          0         96         68   libspace.o
       138          0          0          0          0         80   lludiv10.o
        12          6          0          0         44         68   localtime.o
       184          6          0          0          0         80   localtime_internal.o
       428         10          0          0          0        116   mktime.o
       112         18          0          0        228        160   rand.o
        16          4          0          0          0         76   rt_ctype_table.o
         8          4          0          0          0         68   rt_locale_intlibspace.o
        78          0          0          0          0         80   rt_memclr_w.o
       100          0          0          0          0         80   rt_memcpy_w.o
         2          0          0          0          0          0   rtexit.o
        10          0          0          0          0          0   rtexit2.o
       128          0          0          0          0         68   strcmpv7m.o
        62          0          0          0          0         76   strlen.o
        12          4          0          0          0         68   sys_exit.o
        74          0          0          0          0         80   sys_stackheap_outer.o
         2          0          0          0          0         68   use_no_semi.o
        36          4          0          0          0         76   vsprintf.o
       826         16          0          0          0        348   daddsub_clz.o
       688        140          0          0          0        208   ddiv.o
        90          4          0          0          0         92   dfixu.o
        38          0          0          0          0         68   dflt_clz.o
       340         12          0          0          0        104   dmul.o
       156          4          0          0          0         92   dnaninf.o
        12          0          0          0          0         68   dretinf.o
       430          8          0          0          0        168   faddsub_clz.o
        24          0          0          0          0         68   fcmpi.o
       104          4          0          0          0         84   feqf.o
        62          4          0          0          0         84   ffixu.o
        86          0          0          0          0        136   fflt_clz.o
       258          4          0          0          0         84   fmul.o
       140          4          0          0          0         84   fnaninf.o
        10          0          0          0          0         68   fretinf.o
         4          0          0          0          0         68   printf1.o
         4          0          0          0          0         68   printf2.o
         0          0          0          0          0          0   usenofp.o
        40          0          0          0          0         68   fpclassify.o

    ----------------------------------------------------------------------
     11002        506        564          0        372       6512   Library Totals
        20          0          1          0          4          0   (incl. Padding)

    ----------------------------------------------------------------------

      Code (inc. data)   RO Data    RW Data    ZI Data      Debug   Library Name

      7670        306        563          0        368       4552   c_w.l
      3272        200          0          0          0       1892   fz_ws.l
        40          0          0          0          0         68   m_ws.l

    ----------------------------------------------------------------------
     11002        506        564          0        372       6512   Library Totals

    ----------------------------------------------------------------------

==============================================================================


      Code (inc. data)   RO Data    RW Data    ZI Data      Debug   

     37598       3366      12598        108       8236     421614   Grand Totals
     37598       3366      12598        108       8236     421614   ELF Image Totals
     37598       3366      12598        108          0          0   ROM Totals

==============================================================================

    Total RO  Size (Code + RO Data)                50196 (  49.02kB)
    Total RW  Size (RW Data + ZI Data)              8344 (   8.15kB)
    Total ROM Size (Code + RO Data + RW Data)      50304 (  49.13kB)

==============================================================================

